<html>
<body>
<pre>
<h1>µVision Build Log</h1>
<h2>Tool Versions:</h2>
IDE-Version: µVision V5.15
Copyright (C) 2015 ARM Ltd and ARM Germany GmbH. All rights reserved.
License Information: Teeradej Lo, CUHK, LIC=R4HVC-RIMZ9-UH25J-CDHBI-73GTI-9HM5F
 
Tool Versions:
Toolchain:       MDK-ARM Professional  Version: 5.15.0
Toolchain Path:  C:\Keil_v5\ARM\ARMCC\Bin
C Compiler:      Armcc.exe V5.05 update 2 (build 169)
Assembler:       Armasm.exe V5.05 update 2 (build 169)
Linker/Locator:  ArmLink.exe V5.05 update 2 (build 169)
Library Manager: ArmAr.exe V5.05 update 2 (build 169)
Hex Converter:   FromElf.exe V5.05 update 2 (build 169)
CPU DLL:         SARMCM3.DLL V5.15.0
Dialog DLL:      DCM.DLL V1.13.2.0
Target DLL:      UL2CM3.DLL V1.155.8.0
Dialog DLL:      TCM.DLL V1.14.5.0
 
<h2>Project:</h2>
C:\Users\Bas\Desktop\IERG3810\Mini-Project\mini-proj\mini-proj.uvprojx
Project File Date:  11/08/2022

<h2>Output:</h2>
*** Using Compiler 'V5.05 update 2 (build 169)', folder: 'C:\Keil_v5\ARM\ARMCC\Bin'
Build target 'mini-proj'
compiling main.c...
linking...
Program Size: Code=14814 RO-data=2842 RW-data=88 ZI-data=1840  
FromELF: creating hex file...
.\Objects\_mini-proj.hex: Warning: Q9931W: Your license for feature Keil will expire in 5 days
Finished: 0 information, 1 warning and 0 error messages.
".\Objects\_mini-proj.axf" - 0 Error(s), 0 Warning(s).

<h2>Collection of Component include folders:</h2>
  C:\Users\Bas\Desktop\IERG3810\Mini-Project\mini-proj\RTE
  C:\Keil_v5\ARM\PACK\Keil\STM32F1xx_DFP\2.2.0\Device\Include

<h2>Collection of Component Files used:</h2>
</pre>
</body>
</html>
