Component: ARM Compiler 5.05 update 2 (build 169) Tool: armlink [4d0f33]

==============================================================================

Section Cross References

    ierg3810_buzzer.o(i.IERG3810_Buzzer_Init) refers to ierg3810_buzzer.o(.data) for buzzer_on
    ierg3810_exti.o(i.EXTI0_IRQHandler) refers to ierg3810_clock.o(i.Delay) for Delay
    ierg3810_exti.o(i.EXTI15_10_IRQHandler) refers to ierg3810_exti.o(.data) for ps2count
    ierg3810_exti.o(i.EXTI2_IRQHandler) refers to ierg3810_clock.o(i.Delay) for Delay
    ierg3810_key.o(i.debouncingVar_Init) refers to ierg3810_key.o(.data) for key_2_start_count
    ierg3810_key.o(i.keyInputVal_Init) refers to ierg3810_key.o(.data) for key_2_in
    ierg3810_led.o(i.IERG3810_LED_Init) refers to ierg3810_led.o(.data) for led1_on
    ierg3810_tftlcd.o(i.IERG3810_TFTLCD_ClearLegal_RC) refers to global.o(i.dequeue) for dequeue
    ierg3810_tftlcd.o(i.IERG3810_TFTLCD_ClearLegal_RC) refers to ierg3810_tftlcd.o(i.IERG3810_TFTLCD_ShowLegal_RC) for IERG3810_TFTLCD_ShowLegal_RC
    ierg3810_tftlcd.o(i.IERG3810_TFTLCD_ClearLegal_RC) refers to global.o(i.queue_isEmpty) for queue_isEmpty
    ierg3810_tftlcd.o(i.IERG3810_TFTLCD_ClearLegal_RC) refers to main.o(.data) for legalQrow
    ierg3810_tftlcd.o(i.IERG3810_TFTLCD_DrawDot) refers to ierg3810_tftlcd.o(i.IERG3810_TFTLCD_WrReg) for IERG3810_TFTLCD_WrReg
    ierg3810_tftlcd.o(i.IERG3810_TFTLCD_DrawDot) refers to ierg3810_tftlcd.o(i.IERG3810_TFTLCD_WrData) for IERG3810_TFTLCD_WrData
    ierg3810_tftlcd.o(i.IERG3810_TFTLCD_FillRectangle) refers to ierg3810_tftlcd.o(i.IERG3810_TFTLCD_WrReg) for IERG3810_TFTLCD_WrReg
    ierg3810_tftlcd.o(i.IERG3810_TFTLCD_FillRectangle) refers to ierg3810_tftlcd.o(i.IERG3810_TFTLCD_WrData) for IERG3810_TFTLCD_WrData
    ierg3810_tftlcd.o(i.IERG3810_TFTLCD_HighlightBorder) refers to ierg3810_tftlcd.o(i.IERG3810_TFTLCD_FillRectangle) for IERG3810_TFTLCD_FillRectangle
    ierg3810_tftlcd.o(i.IERG3810_TFTLCD_Init) refers to ierg3810_tftlcd.o(i.IERG3810_TFTLCD_SetParameter) for IERG3810_TFTLCD_SetParameter
    ierg3810_tftlcd.o(i.IERG3810_TFTLCD_OverlayChar) refers to ierg3810_tftlcd.o(i.IERG3810_TFTLCD_DrawDot) for IERG3810_TFTLCD_DrawDot
    ierg3810_tftlcd.o(i.IERG3810_TFTLCD_OverlayChar) refers to ierg3810_tftlcd.o(.constdata) for asc2_1608
    ierg3810_tftlcd.o(i.IERG3810_TFTLCD_SetParameter) refers to ierg3810_tftlcd.o(i.IERG3810_TFTLCD_WrReg) for IERG3810_TFTLCD_WrReg
    ierg3810_tftlcd.o(i.IERG3810_TFTLCD_SetParameter) refers to ierg3810_tftlcd.o(i.IERG3810_TFTLCD_WrData) for IERG3810_TFTLCD_WrData
    ierg3810_tftlcd.o(i.IERG3810_TFTLCD_SevenSegment) refers to ierg3810_tftlcd.o(i.IERG3810_TFTLCD_FillRectangle) for IERG3810_TFTLCD_FillRectangle
    ierg3810_tftlcd.o(i.IERG3810_TFTLCD_ShowChar) refers to ierg3810_tftlcd.o(i.IERG3810_TFTLCD_WrReg) for IERG3810_TFTLCD_WrReg
    ierg3810_tftlcd.o(i.IERG3810_TFTLCD_ShowChar) refers to ierg3810_tftlcd.o(i.IERG3810_TFTLCD_WrData) for IERG3810_TFTLCD_WrData
    ierg3810_tftlcd.o(i.IERG3810_TFTLCD_ShowChar) refers to ierg3810_tftlcd.o(.constdata) for asc2_1608
    ierg3810_tftlcd.o(i.IERG3810_TFTLCD_ShowChinChar) refers to ierg3810_tftlcd.o(i.IERG3810_TFTLCD_WrReg) for IERG3810_TFTLCD_WrReg
    ierg3810_tftlcd.o(i.IERG3810_TFTLCD_ShowChinChar) refers to ierg3810_tftlcd.o(i.IERG3810_TFTLCD_WrData) for IERG3810_TFTLCD_WrData
    ierg3810_tftlcd.o(i.IERG3810_TFTLCD_ShowChinChar) refers to ierg3810_tftlcd.o(.constdata) for chi_1616
    ierg3810_tftlcd.o(i.IERG3810_TFTLCD_ShowGame) refers to ierg3810_tftlcd.o(i.IERG3810_TFTLCD_FillRectangle) for IERG3810_TFTLCD_FillRectangle
    ierg3810_tftlcd.o(i.IERG3810_TFTLCD_ShowGame) refers to ierg3810_tftlcd.o(i.IERG3810_TFTLCD_ShowChar) for IERG3810_TFTLCD_ShowChar
    ierg3810_tftlcd.o(i.IERG3810_TFTLCD_ShowGame) refers to ierg3810_tftlcd.o(i.IERG3810_TFTLCD_OverlayChar) for IERG3810_TFTLCD_OverlayChar
    ierg3810_tftlcd.o(i.IERG3810_TFTLCD_ShowGame) refers to ierg3810_tftlcd.o(i.IERG3810_TFTLCD_ShowPieces_RC) for IERG3810_TFTLCD_ShowPieces_RC
    ierg3810_tftlcd.o(i.IERG3810_TFTLCD_ShowGame) refers to main.o(.bss) for gboard
    ierg3810_tftlcd.o(i.IERG3810_TFTLCD_ShowGameover) refers to h1_alloc.o(.text) for malloc
    ierg3810_tftlcd.o(i.IERG3810_TFTLCD_ShowGameover) refers to strcpy.o(.text) for strcpy
    ierg3810_tftlcd.o(i.IERG3810_TFTLCD_ShowGameover) refers to ierg3810_usart.o(i.USART_print) for USART_print
    ierg3810_tftlcd.o(i.IERG3810_TFTLCD_ShowGameover) refers to ierg3810_tftlcd.o(i.IERG3810_TFTLCD_FillRectangle) for IERG3810_TFTLCD_FillRectangle
    ierg3810_tftlcd.o(i.IERG3810_TFTLCD_ShowGameover) refers to ierg3810_tftlcd.o(i.IERG3810_TFTLCD_ShowChar) for IERG3810_TFTLCD_ShowChar
    ierg3810_tftlcd.o(i.IERG3810_TFTLCD_ShowGameover) refers to h1_free.o(.text) for free
    ierg3810_tftlcd.o(i.IERG3810_TFTLCD_ShowGameover) refers to main.o(.data) for black_score
[...]
    Removing stm32f10x_tim.o(i.TIM_CCPreloadControl), (24 bytes).
    Removing stm32f10x_tim.o(i.TIM_CCxCmd), (30 bytes).
    Removing stm32f10x_tim.o(i.TIM_CCxNCmd), (30 bytes).
    Removing stm32f10x_tim.o(i.TIM_ClearFlag), (6 bytes).
    Removing stm32f10x_tim.o(i.TIM_ClearITPendingBit), (6 bytes).
    Removing stm32f10x_tim.o(i.TIM_ClearOC1Ref), (18 bytes).
    Removing stm32f10x_tim.o(i.TIM_ClearOC2Ref), (24 bytes).
    Removing stm32f10x_tim.o(i.TIM_ClearOC3Ref), (18 bytes).
    Removing stm32f10x_tim.o(i.TIM_ClearOC4Ref), (24 bytes).
    Removing stm32f10x_tim.o(i.TIM_Cmd), (24 bytes).
    Removing stm32f10x_tim.o(i.TIM_CounterModeConfig), (18 bytes).
    Removing stm32f10x_tim.o(i.TIM_CtrlPWMOutputs), (30 bytes).
    Removing stm32f10x_tim.o(i.TIM_DMACmd), (18 bytes).
    Removing stm32f10x_tim.o(i.TIM_DMAConfig), (10 bytes).
    Removing stm32f10x_tim.o(i.TIM_DeInit), (488 bytes).
    Removing stm32f10x_tim.o(i.TIM_ETRClockMode1Config), (54 bytes).
    Removing stm32f10x_tim.o(i.TIM_ETRClockMode2Config), (32 bytes).
    Removing stm32f10x_tim.o(i.TIM_ETRConfig), (28 bytes).
    Removing stm32f10x_tim.o(i.TIM_EncoderInterfaceConfig), (66 bytes).
    Removing stm32f10x_tim.o(i.TIM_ForcedOC1Config), (18 bytes).
    Removing stm32f10x_tim.o(i.TIM_ForcedOC2Config), (26 bytes).
    Removing stm32f10x_tim.o(i.TIM_ForcedOC3Config), (18 bytes).
    Removing stm32f10x_tim.o(i.TIM_ForcedOC4Config), (26 bytes).
    Removing stm32f10x_tim.o(i.TIM_GenerateEvent), (4 bytes).
    Removing stm32f10x_tim.o(i.TIM_GetCapture1), (6 bytes).
    Removing stm32f10x_tim.o(i.TIM_GetCapture2), (6 bytes).
    Removing stm32f10x_tim.o(i.TIM_GetCapture3), (6 bytes).
    Removing stm32f10x_tim.o(i.TIM_GetCapture4), (8 bytes).
    Removing stm32f10x_tim.o(i.TIM_GetCounter), (6 bytes).
    Removing stm32f10x_tim.o(i.TIM_GetFlagStatus), (18 bytes).
    Removing stm32f10x_tim.o(i.TIM_GetITStatus), (34 bytes).
    Removing stm32f10x_tim.o(i.TIM_GetPrescaler), (6 bytes).
    Removing stm32f10x_tim.o(i.TIM_ICInit), (172 bytes).
    Removing stm32f10x_tim.o(i.TIM_ICStructInit), (18 bytes).
    Removing stm32f10x_tim.o(i.TIM_ITConfig), (18 bytes).
    Removing stm32f10x_tim.o(i.TIM_ITRxExternalClockConfig), (24 bytes).
    Removing stm32f10x_tim.o(i.TIM_InternalClockConfig), (12 bytes).
    Removing stm32f10x_tim.o(i.TIM_OC1FastConfig), (18 bytes).
    Removing stm32f10x_tim.o(i.TIM_OC1Init), (152 bytes).
    Removing stm32f10x_tim.o(i.TIM_OC1NPolarityConfig), (18 bytes).
    Removing stm32f10x_tim.o(i.TIM_OC1PolarityConfig), (18 bytes).
    Removing stm32f10x_tim.o(i.TIM_OC1PreloadConfig), (18 bytes).
    Removing stm32f10x_tim.o(i.TIM_OC2FastConfig), (26 bytes).
    Removing stm32f10x_tim.o(i.TIM_OC2Init), (164 bytes).
    Removing stm32f10x_tim.o(i.TIM_OC2NPolarityConfig), (26 bytes).
    Removing stm32f10x_tim.o(i.TIM_OC2PolarityConfig), (26 bytes).
    Removing stm32f10x_tim.o(i.TIM_OC2PreloadConfig), (26 bytes).
    Removing stm32f10x_tim.o(i.TIM_OC3FastConfig), (18 bytes).
    Removing stm32f10x_tim.o(i.TIM_OC3Init), (160 bytes).
    Removing stm32f10x_tim.o(i.TIM_OC3NPolarityConfig), (26 bytes).
    Removing stm32f10x_tim.o(i.TIM_OC3PolarityConfig), (26 bytes).
    Removing stm32f10x_tim.o(i.TIM_OC3PreloadConfig), (18 bytes).
    Removing stm32f10x_tim.o(i.TIM_OC4FastConfig), (26 bytes).
    Removing stm32f10x_tim.o(i.TIM_OC4Init), (124 bytes).
    Removing stm32f10x_tim.o(i.TIM_OC4PolarityConfig), (26 bytes).
    Removing stm32f10x_tim.o(i.TIM_OC4PreloadConfig), (26 bytes).
    Removing stm32f10x_tim.o(i.TIM_OCStructInit), (20 bytes).
    Removing stm32f10x_tim.o(i.TIM_PWMIConfig), (124 bytes).
    Removing stm32f10x_tim.o(i.TIM_PrescalerConfig), (6 bytes).
    Removing stm32f10x_tim.o(i.TIM_SelectCCDMA), (24 bytes).
    Removing stm32f10x_tim.o(i.TIM_SelectCOM), (24 bytes).
    Removing stm32f10x_tim.o(i.TIM_SelectHallSensor), (24 bytes).
    Removing stm32f10x_tim.o(i.TIM_SelectInputTrigger), (18 bytes).
    Removing stm32f10x_tim.o(i.TIM_SelectMasterSlaveMode), (18 bytes).
    Removing stm32f10x_tim.o(i.TIM_SelectOCxM), (82 bytes).
    Removing stm32f10x_tim.o(i.TIM_SelectOnePulseMode), (18 bytes).
    Removing stm32f10x_tim.o(i.TIM_SelectOutputTrigger), (18 bytes).
    Removing stm32f10x_tim.o(i.TIM_SelectSlaveMode), (18 bytes).
    Removing stm32f10x_tim.o(i.TIM_SetAutoreload), (4 bytes).
    Removing stm32f10x_tim.o(i.TIM_SetClockDivision), (18 bytes).
    Removing stm32f10x_tim.o(i.TIM_SetCompare1), (4 bytes).
    Removing stm32f10x_tim.o(i.TIM_SetCompare2), (4 bytes).
    Removing stm32f10x_tim.o(i.TIM_SetCompare3), (4 bytes).
    Removing stm32f10x_tim.o(i.TIM_SetCompare4), (6 bytes).
    Removing stm32f10x_tim.o(i.TIM_SetCounter), (4 bytes).
    Removing stm32f10x_tim.o(i.TIM_SetIC1Prescaler), (18 bytes).
    Removing stm32f10x_tim.o(i.TIM_SetIC2Prescaler), (26 bytes).
    Removing stm32f10x_tim.o(i.TIM_SetIC3Prescaler), (18 bytes).
    Removing stm32f10x_tim.o(i.TIM_SetIC4Prescaler), (26 bytes).
    Removing stm32f10x_tim.o(i.TIM_TIxExternalClockConfig), (62 bytes).
    Removing stm32f10x_tim.o(i.TIM_TimeBaseInit), (164 bytes).
    Removing stm32f10x_tim.o(i.TIM_TimeBaseStructInit), (18 bytes).
    Removing stm32f10x_tim.o(i.TIM_UpdateDisableConfig), (24 bytes).
    Removing stm32f10x_tim.o(i.TIM_UpdateRequestConfig), (24 bytes).
    Removing stm32f10x_usart.o(i.USART_ClearFlag), (18 bytes).
    Removing stm32f10x_usart.o(i.USART_ClearITPendingBit), (30 bytes).
    Removing stm32f10x_usart.o(i.USART_ClockInit), (34 bytes).
    Removing stm32f10x_usart.o(i.USART_ClockStructInit), (12 bytes).
    Removing stm32f10x_usart.o(i.USART_Cmd), (24 bytes).
    Removing stm32f10x_usart.o(i.USART_DMACmd), (18 bytes).
    Removing stm32f10x_usart.o(i.USART_DeInit), (156 bytes).
    Removing stm32f10x_usart.o(i.USART_GetFlagStatus), (26 bytes).
    Removing stm32f10x_usart.o(i.USART_GetITStatus), (84 bytes).
    Removing stm32f10x_usart.o(i.USART_HalfDuplexCmd), (24 bytes).
    Removing stm32f10x_usart.o(i.USART_ITConfig), (74 bytes).
    Removing stm32f10x_usart.o(i.USART_Init), (216 bytes).
    Removing stm32f10x_usart.o(i.USART_IrDACmd), (24 bytes).
    Removing stm32f10x_usart.o(i.USART_IrDAConfig), (18 bytes).
    Removing stm32f10x_usart.o(i.USART_LINBreakDetectLengthConfig), (18 bytes).
    Removing stm32f10x_usart.o(i.USART_LINCmd), (24 bytes).
    Removing stm32f10x_usart.o(i.USART_OneBitMethodCmd), (24 bytes).
    Removing stm32f10x_usart.o(i.USART_OverSampling8Cmd), (22 bytes).
    Removing stm32f10x_usart.o(i.USART_ReceiveData), (10 bytes).
    Removing stm32f10x_usart.o(i.USART_ReceiverWakeUpCmd), (24 bytes).
    Removing stm32f10x_usart.o(i.USART_SendBreak), (10 bytes).
    Removing stm32f10x_usart.o(i.USART_SendData), (8 bytes).
    Removing stm32f10x_usart.o(i.USART_SetAddress), (18 bytes).
    Removing stm32f10x_usart.o(i.USART_SetGuardTime), (16 bytes).
    Removing stm32f10x_usart.o(i.USART_SetPrescaler), (16 bytes).
    Removing stm32f10x_usart.o(i.USART_SmartCardCmd), (24 bytes).
    Removing stm32f10x_usart.o(i.USART_SmartCardNACKCmd), (24 bytes).
    Removing stm32f10x_usart.o(i.USART_StructInit), (24 bytes).
    Removing stm32f10x_usart.o(i.USART_WakeUpConfig), (18 bytes).
    Removing stm32f10x_wwdg.o(i.WWDG_ClearFlag), (12 bytes).
    Removing stm32f10x_wwdg.o(i.WWDG_DeInit), (22 bytes).
    Removing stm32f10x_wwdg.o(i.WWDG_Enable), (16 bytes).
    Removing stm32f10x_wwdg.o(i.WWDG_EnableIT), (12 bytes).
    Removing stm32f10x_wwdg.o(i.WWDG_GetFlagStatus), (12 bytes).
    Removing stm32f10x_wwdg.o(i.WWDG_SetCounter), (16 bytes).
    Removing stm32f10x_wwdg.o(i.WWDG_SetPrescaler), (24 bytes).
    Removing stm32f10x_wwdg.o(i.WWDG_SetWindowValue), (40 bytes).
    Removing core_cm3.o(.emb_text), (32 bytes).
    Removing system_stm32f10x.o(i.SystemCoreClockUpdate), (164 bytes).
    Removing system_stm32f10x.o(.data), (20 bytes).

490 unused section(s) (total 22786 bytes) removed from the image.

==============================================================================

Image Symbol Table

    Local Symbols

    Symbol Name                              Value     Ov Type        Size  Object(Section)

    ../clib/angel/boardlib.s                 0x00000000   Number         0  boardinit1.o ABSOLUTE
    ../clib/angel/boardlib.s                 0x00000000   Number         0  boardinit2.o ABSOLUTE
    ../clib/angel/boardlib.s                 0x00000000   Number         0  boardinit3.o ABSOLUTE
    ../clib/angel/boardlib.s                 0x00000000   Number         0  boardshut.o ABSOLUTE
    ../clib/angel/handlers.s                 0x00000000   Number         0  __scatter_zi.o ABSOLUTE
    ../clib/angel/handlers.s                 0x00000000   Number         0  __scatter_copy.o ABSOLUTE
    ../clib/angel/kernel.s                   0x00000000   Number         0  __rtentry2.o ABSOLUTE
    ../clib/angel/kernel.s                   0x00000000   Number         0  rtexit.o ABSOLUTE
    ../clib/angel/kernel.s                   0x00000000   Number         0  __rtentry4.o ABSOLUTE
    ../clib/angel/kernel.s                   0x00000000   Number         0  rtexit2.o ABSOLUTE
    ../clib/angel/kernel.s                   0x00000000   Number         0  __rtentry.o ABSOLUTE
    ../clib/angel/rt.s                       0x00000000   Number         0  rt_raise.o ABSOLUTE
    ../clib/angel/rt.s                       0x00000000   Number         0  rt_heap_descriptor_intlibspace.o ABSOLUTE
    ../clib/angel/rt.s                       0x00000000   Number         0  rt_heap_descriptor.o ABSOLUTE
    ../clib/angel/scatter.s                  0x00000000   Number         0  __scatter.o ABSOLUTE
    ../clib/angel/startup.s                  0x00000000   Number         0  __main.o ABSOLUTE
    ../clib/angel/sys.s                      0x00000000   Number         0  libspace.o ABSOLUTE
    ../clib/angel/sys.s                      0x00000000   Number         0  indicate_semi.o ABSOLUTE
    ../clib/angel/sys.s                      0x00000000   Number         0  sys_stackheap_outer.o ABSOLUTE
    ../clib/angel/sys.s                      0x00000000   Number         0  use_no_semi.o ABSOLUTE
    ../clib/angel/sys.s                      0x00000000   Number         0  mutex_dummy.o ABSOLUTE
    ../clib/angel/sysapp.c                   0x00000000   Number         0  sys_exit.o ABSOLUTE
    ../clib/angel/sysapp.c                   0x00000000   Number         0  sys_command.o ABSOLUTE
    ../clib/angel/sysapp.c                   0x00000000   Number         0  sys_wrch.o ABSOLUTE
    ../clib/armsys.c                         0x00000000   Number         0  no_argv.o ABSOLUTE
    ../clib/armsys.c                         0x00000000   Number         0  _get_argv.o ABSOLUTE
    ../clib/armsys.c                         0x00000000   Number         0  argv_veneer.o ABSOLUTE
    ../clib/armsys.c                         0x00000000   Number         0  argv_veneer.o ABSOLUTE
    ../clib/armsys.c                         0x00000000   Number         0  _get_argv_nomalloc.o ABSOLUTE
    ../clib/heap1.c                          0x00000000   Number         0  h1_free_mt.o ABSOLUTE
    ../clib/heap1.c                          0x00000000   Number         0  h1_extend.o ABSOLUTE
    ../clib/heap1.c                          0x00000000   Number         0  h1_extend_mt.o ABSOLUTE
    ../clib/heap1.c                          0x00000000   Number         0  h1_alloc.o ABSOLUTE
    ../clib/heap1.c                          0x00000000   Number         0  h1_init_mt.o ABSOLUTE
    ../clib/heap1.c                          0x00000000   Number         0  h1_free.o ABSOLUTE
    ../clib/heap1.c                          0x00000000   Number         0  h1_final.o ABSOLUTE
    ../clib/heap1.c                          0x00000000   Number         0  h1_alloc_mt.o ABSOLUTE
    ../clib/heap1.c                          0x00000000   Number         0  h1_final_mt.o ABSOLUTE
    ../clib/heap1.c                          0x00000000   Number         0  h1_init.o ABSOLUTE
    ../clib/heap2.c                          0x00000000   Number         0  heap2mt.o ABSOLUTE
    ../clib/heap2.c                          0x00000000   Number         0  fdtree.o ABSOLUTE
    ../clib/heap2.c                          0x00000000   Number         0  heap2.o ABSOLUTE
    ../clib/heapalloc.c                      0x00000000   Number         0  term_alloc.o ABSOLUTE
    ../clib/heapalloc.c                      0x00000000   Number         0  init_alloc.o ABSOLUTE
    ../clib/heapalloc.c                      0x00000000   Number         0  hguard.o ABSOLUTE
    ../clib/heapalloc.c                      0x00000000   Number         0  heapstubs.o ABSOLUTE
    ../clib/heapalloc.c                      0x00000000   Number         0  free.o ABSOLUTE
    ../clib/heapalloc.c                      0x00000000   Number         0  malloc.o ABSOLUTE
    ../clib/heapalloc.c                      0x00000000   Number         0  maybetermalloc2.o ABSOLUTE
    ../clib/heapalloc.c                      0x00000000   Number         0  maybetermalloc2.o ABSOLUTE
    ../clib/heapalloc.c                      0x00000000   Number         0  maybetermalloc1.o ABSOLUTE
    ../clib/heapalloc.c                      0x00000000   Number         0  maybetermalloc1.o ABSOLUTE
    ../clib/heapalloc.c                      0x00000000   Number         0  hrguard.o ABSOLUTE
    ../clib/heapaux.c                        0x00000000   Number         0  heapauxi.o ABSOLUTE
    ../clib/heapaux.c                        0x00000000   Number         0  heapauxa.o ABSOLUTE
    ../clib/libinit.s                        0x00000000   Number         0  libshutdown.o ABSOLUTE
    ../clib/libinit.s                        0x00000000   Number         0  libshutdown2.o ABSOLUTE
    ../clib/libinit.s                        0x00000000   Number         0  libinit2.o ABSOLUTE
    ../clib/libinit.s                        0x00000000   Number         0  libinit.o ABSOLUTE
    ../clib/memcpset.s                       0x00000000   Number         0  rt_memclr.o ABSOLUTE
    ../clib/memcpset.s                       0x00000000   Number         0  rt_memcpy_w.o ABSOLUTE
    ../clib/memcpset.s                       0x00000000   Number         0  rt_memclr_w.o ABSOLUTE
    ../clib/signal.c                         0x00000000   Number         0  defsig_fpe_inner.o ABSOLUTE
    ../clib/signal.c                         0x00000000   Number         0  defsig_other.o ABSOLUTE
    ../clib/signal.c                         0x00000000   Number         0  defsig_rtmem_formal.o ABSOLUTE
    ../clib/signal.c                         0x00000000   Number         0  defsig_rtmem_outer.o ABSOLUTE
    ../clib/signal.c                         0x00000000   Number         0  defsig_segv_inner.o ABSOLUTE
    ../clib/signal.c                         0x00000000   Number         0  defsig_cppl_inner.o ABSOLUTE
    ../clib/signal.c                         0x00000000   Number         0  defsig_pvfn_inner.o ABSOLUTE
    ../clib/signal.c                         0x00000000   Number         0  defsig_stak_inner.o ABSOLUTE
    ../clib/signal.c                         0x00000000   Number         0  defsig_general.o ABSOLUTE
    ../clib/signal.c                         0x00000000   Number         0  defsig_rtmem_inner.o ABSOLUTE
    ../clib/signal.c                         0x00000000   Number         0  defsig_exit.o ABSOLUTE
    ../clib/signal.c                         0x00000000   Number         0  __raise.o ABSOLUTE
    ../clib/signal.c                         0x00000000   Number         0  defsig_abrt_inner.o ABSOLUTE
    ../clib/signal.c                         0x00000000   Number         0  defsig_rtred_inner.o ABSOLUTE
    ../clib/signal.s                         0x00000000   Number         0  defsig.o ABSOLUTE
    ../clib/stdlib.c                         0x00000000   Number         0  exit.o ABSOLUTE
    ../clib/string.c                         0x00000000   Number         0  strcpy.o ABSOLUTE
    ../fplib/faddsub.s                       0x00000000   Number         0  faddsub_clz.o ABSOLUTE
    ../fplib/fdiv.s                          0x00000000   Number         0  fdiv.o ABSOLUTE
    ../fplib/ffixu.s                         0x00000000   Number         0  ffixu.o ABSOLUTE
    ../fplib/fflt.s                          0x00000000   Number         0  fflt_clz.o ABSOLUTE
    ../fplib/fmul.s                          0x00000000   Number         0  fmul.o ABSOLUTE
    ../fplib/fnaninf.s                       0x00000000   Number         0  fnaninf.o ABSOLUTE
    ../fplib/fpinit.s                        0x00000000   Number         0  fpinit.o ABSOLUTE
    ../fplib/fretinf.s                       0x00000000   Number         0  fretinf.o ABSOLUTE
    ../fplib/usenofp.s                       0x00000000   Number         0  usenofp.o ABSOLUTE
    Board\IERG3810_Buzzer.c                  0x00000000   Number         0  ierg3810_buzzer.o ABSOLUTE
    Board\IERG3810_Clock.c                   0x00000000   Number         0  ierg3810_clock.o ABSOLUTE
    Board\IERG3810_Exti.c                    0x00000000   Number         0  ierg3810_exti.o ABSOLUTE
    Board\IERG3810_GameLogic.c               0x00000000   Number         0  ierg3810_gamelogic.o ABSOLUTE
    Board\IERG3810_KEY.c                     0x00000000   Number         0  ierg3810_key.o ABSOLUTE
    Board\IERG3810_LED.c                     0x00000000   Number         0  ierg3810_led.o ABSOLUTE
    Board\IERG3810_TFTLCD.c                  0x00000000   Number         0  ierg3810_tftlcd.o ABSOLUTE
    Board\IERG3810_Timer.c                   0x00000000   Number         0  ierg3810_timer.o ABSOLUTE
    Board\IERG3810_USART.c                   0x00000000   Number         0  ierg3810_usart.o ABSOLUTE
    Board\global.c                           0x00000000   Number         0  global.o ABSOLUTE
    Core\\core_cm3.c                         0x00000000   Number         0  core_cm3.o ABSOLUTE
    Core\core_cm3.c                          0x00000000   Number         0  core_cm3.o ABSOLUTE
    Core\startup_stm32f10x_hd.s              0x00000000   Number         0  startup_stm32f10x_hd.o ABSOLUTE
    Core\system_stm32f10x.c                  0x00000000   Number         0  system_stm32f10x.o ABSOLUTE
    Fw_lib\src\misc.c                        0x00000000   Number         0  misc.o ABSOLUTE
    Fw_lib\src\stm32f10x_adc.c               0x00000000   Number         0  stm32f10x_adc.o ABSOLUTE
    Fw_lib\src\stm32f10x_bkp.c               0x00000000   Number         0  stm32f10x_bkp.o ABSOLUTE
    Fw_lib\src\stm32f10x_can.c               0x00000000   Number         0  stm32f10x_can.o ABSOLUTE
    Fw_lib\src\stm32f10x_cec.c               0x00000000   Number         0  stm32f10x_cec.o ABSOLUTE
    Fw_lib\src\stm32f10x_crc.c               0x00000000   Number         0  stm32f10x_crc.o ABSOLUTE
    Fw_lib\src\stm32f10x_dac.c               0x00000000   Number         0  stm32f10x_dac.o ABSOLUTE
    Fw_lib\src\stm32f10x_dbgmcu.c            0x00000000   Number         0  stm32f10x_dbgmcu.o ABSOLUTE
    Fw_lib\src\stm32f10x_dma.c               0x00000000   Number         0  stm32f10x_dma.o ABSOLUTE
    Fw_lib\src\stm32f10x_exti.c              0x00000000   Number         0  stm32f10x_exti.o ABSOLUTE
    Fw_lib\src\stm32f10x_flash.c             0x00000000   Number         0  stm32f10x_flash.o ABSOLUTE
    Fw_lib\src\stm32f10x_fsmc.c              0x00000000   Number         0  stm32f10x_fsmc.o ABSOLUTE
    Fw_lib\src\stm32f10x_gpio.c              0x00000000   Number         0  stm32f10x_gpio.o ABSOLUTE
    Fw_lib\src\stm32f10x_i2c.c               0x00000000   Number         0  stm32f10x_i2c.o ABSOLUTE
    Fw_lib\src\stm32f10x_iwdg.c              0x00000000   Number         0  stm32f10x_iwdg.o ABSOLUTE
    Fw_lib\src\stm32f10x_pwr.c               0x00000000   Number         0  stm32f10x_pwr.o ABSOLUTE
    Fw_lib\src\stm32f10x_rcc.c               0x00000000   Number         0  stm32f10x_rcc.o ABSOLUTE
    Fw_lib\src\stm32f10x_rtc.c               0x00000000   Number         0  stm32f10x_rtc.o ABSOLUTE
    Fw_lib\src\stm32f10x_sdio.c              0x00000000   Number         0  stm32f10x_sdio.o ABSOLUTE
    Fw_lib\src\stm32f10x_spi.c               0x00000000   Number         0  stm32f10x_spi.o ABSOLUTE
    Fw_lib\src\stm32f10x_tim.c               0x00000000   Number         0  stm32f10x_tim.o ABSOLUTE
    Fw_lib\src\stm32f10x_usart.c             0x00000000   Number         0  stm32f10x_usart.o ABSOLUTE
    Fw_lib\src\stm32f10x_wwdg.c              0x00000000   Number         0  stm32f10x_wwdg.o ABSOLUTE
    User\main.c                              0x00000000   Number         0  main.o ABSOLUTE
    User\stm32f10x_it.c                      0x00000000   Number         0  stm32f10x_it.o ABSOLUTE
    dc.s                                     0x00000000   Number         0  dc.o ABSOLUTE
    RESET                                    0x08000000   Section      304  startup_stm32f10x_hd.o(RESET)
    !!!main                                  0x08000130   Section        8  __main.o(!!!main)
    !!!scatter                               0x08000138   Section       52  __scatter.o(!!!scatter)
    !!handler_copy                           0x0800016c   Section       26  __scatter_copy.o(!!handler_copy)
    !!handler_zi                             0x08000188   Section       28  __scatter_zi.o(!!handler_zi)
    .ARM.Collect$$libinit$$00000000          0x080001a4   Section        2  libinit.o(.ARM.Collect$$libinit$$00000000)
    .ARM.Collect$$libinit$$00000002          0x080001a6   Section        0  libinit2.o(.ARM.Collect$$libinit$$00000002)
    .ARM.Collect$$libinit$$00000004          0x080001a6   Section        0  libinit2.o(.ARM.Collect$$libinit$$00000004)
    .ARM.Collect$$libinit$$00000005          0x080001a6   Section        8  libinit2.o(.ARM.Collect$$libinit$$00000005)
    .ARM.Collect$$libinit$$0000000A          0x080001ae   Section        0  libinit2.o(.ARM.Collect$$libinit$$0000000A)
    .ARM.Collect$$libinit$$0000000C          0x080001ae   Section        0  libinit2.o(.ARM.Collect$$libinit$$0000000C)
    .ARM.Collect$$libinit$$0000000E          0x080001ae   Section        0  libinit2.o(.ARM.Collect$$libinit$$0000000E)
    .ARM.Collect$$libinit$$00000011          0x080001ae   Section        0  libinit2.o(.ARM.Collect$$libinit$$00000011)
    .ARM.Collect$$libinit$$00000013          0x080001ae   Section        0  libinit2.o(.ARM.Collect$$libinit$$00000013)
    .ARM.Collect$$libinit$$00000015          0x080001ae   Section        0  libinit2.o(.ARM.Collect$$libinit$$00000015)
    .ARM.Collect$$libinit$$00000017          0x080001ae   Section        0  libinit2.o(.ARM.Collect$$libinit$$00000017)
    .ARM.Collect$$libinit$$00000019          0x080001ae   Section        0  libinit2.o(.ARM.Collect$$libinit$$00000019)
    .ARM.Collect$$libinit$$0000001B          0x080001ae   Section        0  libinit2.o(.ARM.Collect$$libinit$$0000001B)
    .ARM.Collect$$libinit$$0000001D          0x080001ae   Section        0  libinit2.o(.ARM.Collect$$libinit$$0000001D)
    .ARM.Collect$$libinit$$0000001F          0x080001ae   Section        0  libinit2.o(.ARM.Collect$$libinit$$0000001F)
    .ARM.Collect$$libinit$$00000021          0x080001ae   Section        0  libinit2.o(.ARM.Collect$$libinit$$00000021)
    .ARM.Collect$$libinit$$00000023          0x080001ae   Section        0  libinit2.o(.ARM.Collect$$libinit$$00000023)
    .ARM.Collect$$libinit$$00000025          0x080001ae   Section        0  libinit2.o(.ARM.Collect$$libinit$$00000025)
    .ARM.Collect$$libinit$$0000002C          0x080001ae   Section        0  libinit2.o(.ARM.Collect$$libinit$$0000002C)
    .ARM.Collect$$libinit$$0000002E          0x080001ae   Section        0  libinit2.o(.ARM.Collect$$libinit$$0000002E)
    .ARM.Collect$$libinit$$00000030          0x080001ae   Section        0  libinit2.o(.ARM.Collect$$libinit$$00000030)
    .ARM.Collect$$libinit$$00000032          0x080001ae   Section        0  libinit2.o(.ARM.Collect$$libinit$$00000032)
    .ARM.Collect$$libinit$$00000033          0x080001ae   Section        2  libinit2.o(.ARM.Collect$$libinit$$00000033)
    .ARM.Collect$$libshutdown$$00000000      0x080001b0   Section        2  libshutdown.o(.ARM.Collect$$libshutdown$$00000000)
    .ARM.Collect$$libshutdown$$00000003      0x080001b2   Section        0  libshutdown2.o(.ARM.Collect$$libshutdown$$00000003)
    .ARM.Collect$$libshutdown$$00000006      0x080001b2   Section        0  libshutdown2.o(.ARM.Collect$$libshutdown$$00000006)
    .ARM.Collect$$libshutdown$$00000009      0x080001b2   Section        0  libshutdown2.o(.ARM.Collect$$libshutdown$$00000009)
    .ARM.Collect$$libshutdown$$0000000B      0x080001b2   Section        0  libshutdown2.o(.ARM.Collect$$libshutdown$$0000000B)
    .ARM.Collect$$libshutdown$$0000000E      0x080001b2   Section        0  libshutdown2.o(.ARM.Collect$$libshutdown$$0000000E)
    .ARM.Collect$$libshutdown$$0000000F      0x080001b2   Section        2  libshutdown2.o(.ARM.Collect$$libshutdown$$0000000F)
    .ARM.Collect$$rtentry$$00000000          0x080001b4   Section        0  __rtentry.o(.ARM.Collect$$rtentry$$00000000)
    .ARM.Collect$$rtentry$$00000002          0x080001b4   Section        0  __rtentry2.o(.ARM.Collect$$rtentry$$00000002)
    .ARM.Collect$$rtentry$$00000004          0x080001b4   Section        6  __rtentry4.o(.ARM.Collect$$rtentry$$00000004)
    .ARM.Collect$$rtentry$$00000009          0x080001ba   Section        0  __rtentry2.o(.ARM.Collect$$rtentry$$00000009)
    .ARM.Collect$$rtentry$$0000000A          0x080001ba   Section        4  __rtentry2.o(.ARM.Collect$$rtentry$$0000000A)
    .ARM.Collect$$rtentry$$0000000C          0x080001be   Section        0  __rtentry2.o(.ARM.Collect$$rtentry$$0000000C)
    .ARM.Collect$$rtentry$$0000000D          0x080001be   Section        8  __rtentry2.o(.ARM.Collect$$rtentry$$0000000D)
    .ARM.Collect$$rtexit$$00000000           0x080001c6   Section        2  rtexit.o(.ARM.Collect$$rtexit$$00000000)
    .ARM.Collect$$rtexit$$00000002           0x080001c8   Section        0  rtexit2.o(.ARM.Collect$$rtexit$$00000002)
    .ARM.Collect$$rtexit$$00000003           0x080001c8   Section        4  rtexit2.o(.ARM.Collect$$rtexit$$00000003)
    .ARM.Collect$$rtexit$$00000004           0x080001cc   Section        6  rtexit2.o(.ARM.Collect$$rtexit$$00000004)
    .emb_text                                0x080001d4   Section        0  maybetermalloc1.o(.emb_text)
    .text                                    0x080001d4   Section       64  startup_stm32f10x_hd.o(.text)
    .text                                    0x08000214   Section        0  h1_alloc.o(.text)
    .text                                    0x08000272   Section        0  h1_free.o(.text)
    .text                                    0x080002c0   Section        0  strcpy.o(.text)
    .text                                    0x08000308   Section       68  rt_memclr.o(.text)
    .text                                    0x0800034c   Section        0  heapauxi.o(.text)
    .text                                    0x08000354   Section        8  rt_heap_descriptor_intlibspace.o(.text)
    .text                                    0x0800035c   Section        0  hguard.o(.text)
    .text                                    0x08000360   Section        0  init_alloc.o(.text)
    .text                                    0x080003ea   Section        0  h1_init.o(.text)
    .text                                    0x080003f8   Section       78  rt_memclr_w.o(.text)
    .text                                    0x08000448   Section        8  libspace.o(.text)
    .text                                    0x08000450   Section        0  h1_extend.o(.text)
    .text                                    0x08000484   Section        0  defsig_rtmem_outer.o(.text)
    .text                                    0x08000492   Section        2  use_no_semi.o(.text)
    .text                                    0x08000494   Section       74  sys_stackheap_outer.o(.text)
    .text                                    0x08000494   Section        0  indicate_semi.o(.text)
    .text                                    0x080004de   Section        0  exit.o(.text)
    .text                                    0x080004ea   Section        0  defsig_exit.o(.text)
    .text                                    0x080004f4   Section        0  defsig_rtmem_inner.o(.text)
    .text                                    0x08000544   Section        0  sys_exit.o(.text)
    .text                                    0x08000550   Section        0  defsig_general.o(.text)
    .text                                    0x08000582   Section        0  sys_wrch.o(.text)
    i.BusFault_Handler                       0x08000590   Section        0  stm32f10x_it.o(i.BusFault_Handler)
    i.DebugMon_Handler                       0x08000594   Section        0  stm32f10x_it.o(i.DebugMon_Handler)
    i.Delay                                  0x08000596   Section        0  ierg3810_clock.o(i.Delay)
    i.EXTI0_IRQHandler                       0x080005a4   Section        0  ierg3810_exti.o(i.EXTI0_IRQHandler)
    i.EXTI15_10_IRQHandler                   0x080005e0   Section        0  ierg3810_exti.o(i.EXTI15_10_IRQHandler)
    i.EXTI2_IRQHandler                       0x08000630   Section        0  ierg3810_exti.o(i.EXTI2_IRQHandler)
    i.HardFault_Handler                      0x0800066c   Section        0  stm32f10x_it.o(i.HardFault_Handler)
    i.IEGR3810_GameLogic_ClearFlipping       0x08000670   Section        0  ierg3810_gamelogic.o(i.IEGR3810_GameLogic_ClearFlipping)
    i.IEGR3810_GameLogic_ClearGBoard         0x08000680   Section        0  ierg3810_gamelogic.o(i.IEGR3810_GameLogic_ClearGBoard)
    i.IEGR3810_GameLogic_ClearLegal          0x080006a8   Section        0  ierg3810_gamelogic.o(i.IEGR3810_GameLogic_ClearLegal)
    i.IEGR3810_GameLogic_EnqueueFlippingNeeded 0x080006b8   Section        0  ierg3810_gamelogic.o(i.IEGR3810_GameLogic_EnqueueFlippingNeeded)
    i.IEGR3810_GameLogic_UpdateCursorPos     0x0800080c   Section        0  ierg3810_gamelogic.o(i.IEGR3810_GameLogic_UpdateCursorPos)
    i.IEGR3810_GameLogic_UpdateLegal         0x08000844   Section        0  ierg3810_gamelogic.o(i.IEGR3810_GameLogic_UpdateLegal)
    i.IERG3810_Buzzer_Init                   0x0800097c   Section        0  ierg3810_buzzer.o(i.IERG3810_Buzzer_Init)
    i.IERG3810_LED_Init                      0x080009bc   Section        0  ierg3810_led.o(i.IERG3810_LED_Init)
    i.IERG3810_NVIC_SetPriorityGroup         0x08000a30   Section        0  ierg3810_exti.o(i.IERG3810_NVIC_SetPriorityGroup)
    i.IERG3810_PS2key_ExtiInit               0x08000a58   Section        0  ierg3810_exti.o(i.IERG3810_PS2key_ExtiInit)
    i.IERG3810_SYSTICK_Init10ms              0x08000b0c   Section        0  ierg3810_timer.o(i.IERG3810_SYSTICK_Init10ms)
    i.IERG3810_TFTLCD_ClearLegal_RC          0x08000b28   Section        0  ierg3810_tftlcd.o(i.IERG3810_TFTLCD_ClearLegal_RC)
    i.IERG3810_TFTLCD_DrawDot                0x08000b64   Section        0  ierg3810_tftlcd.o(i.IERG3810_TFTLCD_DrawDot)
    i.IERG3810_TFTLCD_FillRectangle          0x08000bb4   Section        0  ierg3810_tftlcd.o(i.IERG3810_TFTLCD_FillRectangle)
    i.IERG3810_TFTLCD_HighlightBorder        0x08000c2a   Section        0  ierg3810_tftlcd.o(i.IERG3810_TFTLCD_HighlightBorder)
    i.IERG3810_TFTLCD_Init                   0x08000c9c   Section        0  ierg3810_tftlcd.o(i.IERG3810_TFTLCD_Init)
    i.IERG3810_TFTLCD_OverlayChar            0x08000e0c   Section        0  ierg3810_tftlcd.o(i.IERG3810_TFTLCD_OverlayChar)
    i.IERG3810_TFTLCD_SetParameter           0x08000ea4   Section        0  ierg3810_tftlcd.o(i.IERG3810_TFTLCD_SetParameter)
    i.IERG3810_TFTLCD_ShowChar               0x08000ed4   Section        0  ierg3810_tftlcd.o(i.IERG3810_TFTLCD_ShowChar)
    i.IERG3810_TFTLCD_ShowChinChar           0x08000fc0   Section        0  ierg3810_tftlcd.o(i.IERG3810_TFTLCD_ShowChinChar)
    i.IERG3810_TFTLCD_ShowGame               0x080010a0   Section        0  ierg3810_tftlcd.o(i.IERG3810_TFTLCD_ShowGame)
    i.IERG3810_TFTLCD_ShowGameover           0x08001204   Section        0  ierg3810_tftlcd.o(i.IERG3810_TFTLCD_ShowGameover)
    i.IERG3810_TFTLCD_ShowLegal_RC           0x080013bc   Section        0  ierg3810_tftlcd.o(i.IERG3810_TFTLCD_ShowLegal_RC)
    i.IERG3810_TFTLCD_ShowNoLegalTxt         0x080013fc   Section        0  ierg3810_tftlcd.o(i.IERG3810_TFTLCD_ShowNoLegalTxt)
    i.IERG3810_TFTLCD_ShowPieces             0x0800146c   Section        0  ierg3810_tftlcd.o(i.IERG3810_TFTLCD_ShowPieces)
    i.IERG3810_TFTLCD_ShowPieces_RC          0x08001518   Section        0  ierg3810_tftlcd.o(i.IERG3810_TFTLCD_ShowPieces_RC)
    i.IERG3810_TFTLCD_ShowRules              0x080015a0   Section        0  ierg3810_tftlcd.o(i.IERG3810_TFTLCD_ShowRules)
    i.IERG3810_TFTLCD_ShowStart              0x08002240   Section        0  ierg3810_tftlcd.o(i.IERG3810_TFTLCD_ShowStart)
    i.IERG3810_TFTLCD_ShowTurn               0x08002500   Section        0  ierg3810_tftlcd.o(i.IERG3810_TFTLCD_ShowTurn)
    i.IERG3810_TFTLCD_UpdateScore            0x08002598   Section        0  ierg3810_tftlcd.o(i.IERG3810_TFTLCD_UpdateScore)
    i.IERG3810_TFTLCD_WrData                 0x08002648   Section        0  ierg3810_tftlcd.o(i.IERG3810_TFTLCD_WrData)
    i.IERG3810_TFTLCD_WrReg                  0x08002654   Section        0  ierg3810_tftlcd.o(i.IERG3810_TFTLCD_WrReg)
    i.IERG3810_USART2_init                   0x08002660   Section        0  ierg3810_usart.o(i.IERG3810_USART2_init)
    i.IERG3810_clock_tree_init               0x08002724   Section        0  ierg3810_clock.o(i.IERG3810_clock_tree_init)
    i.MemManage_Handler                      0x080027d0   Section        0  stm32f10x_it.o(i.MemManage_Handler)
    i.NMI_Handler                            0x080027d4   Section        0  stm32f10x_it.o(i.NMI_Handler)
    i.PendSV_Handler                         0x080027d6   Section        0  stm32f10x_it.o(i.PendSV_Handler)
    i.SVC_Handler                            0x080027d8   Section        0  stm32f10x_it.o(i.SVC_Handler)
    i.SetSysClock                            0x080027da   Section        0  system_stm32f10x.o(i.SetSysClock)
    SetSysClock                              0x080027db   Thumb Code     8  system_stm32f10x.o(i.SetSysClock)
    i.SetSysClockTo72                        0x080027e4   Section        0  system_stm32f10x.o(i.SetSysClockTo72)
    SetSysClockTo72                          0x080027e5   Thumb Code   214  system_stm32f10x.o(i.SetSysClockTo72)
    i.SysTick_Handler                        0x080028c4   Section        0  stm32f10x_it.o(i.SysTick_Handler)
    i.SystemInit                             0x0800291c   Section        0  system_stm32f10x.o(i.SystemInit)
    i.TIM3_IRQHandler                        0x0800297c   Section        0  ierg3810_timer.o(i.TIM3_IRQHandler)
    i.TIM4_IRQHandler                        0x080029a8   Section        0  ierg3810_timer.o(i.TIM4_IRQHandler)
    i.USART_print                            0x080029d4   Section        0  ierg3810_usart.o(i.USART_print)
    i.UsageFault_Handler                     0x08002a2c   Section        0  stm32f10x_it.o(i.UsageFault_Handler)
    i.createQueue                            0x08002a30   Section        0  global.o(i.createQueue)
    i.dequeue                                0x08002a54   Section        0  global.o(i.dequeue)
    i.enqueue                                0x08002a84   Section        0  global.o(i.enqueue)
    i.main                                   0x08002ab4   Section        0  main.o(i.main)
    i.queue_free                             0x08003554   Section        0  global.o(i.queue_free)
    i.queue_getItem                          0x08003578   Section        0  global.o(i.queue_getItem)
    i.queue_isEmpty                          0x080035a8   Section        0  global.o(i.queue_isEmpty)
    i.queue_isFull                           0x080035b6   Section        0  global.o(i.queue_isFull)
    x$fpl$fadd                               0x080035c8   Section      196  faddsub_clz.o(x$fpl$fadd)
    _fadd1                                   0x080035d7   Thumb Code     0  faddsub_clz.o(x$fpl$fadd)
    x$fpl$fdiv                               0x0800368c   Section      388  fdiv.o(x$fpl$fdiv)
    _fdiv1                                   0x0800368d   Thumb Code     0  fdiv.o(x$fpl$fdiv)
    x$fpl$ffixu                              0x08003810   Section       62  ffixu.o(x$fpl$ffixu)
    x$fpl$ffltu                              0x08003850   Section       38  fflt_clz.o(x$fpl$ffltu)
    x$fpl$fmul                               0x08003878   Section      258  fmul.o(x$fpl$fmul)
    x$fpl$fnaninf                            0x0800397a   Section      140  fnaninf.o(x$fpl$fnaninf)
    x$fpl$fretinf                            0x08003a06   Section       10  fretinf.o(x$fpl$fretinf)
    x$fpl$frsb                               0x08003a10   Section       20  faddsub_clz.o(x$fpl$frsb)
    x$fpl$fsub                               0x08003a24   Section      234  faddsub_clz.o(x$fpl$fsub)
    _fsub1                                   0x08003a33   Thumb Code     0  faddsub_clz.o(x$fpl$fsub)
    .constdata                               0x08003b0e   Section     2472  ierg3810_tftlcd.o(.constdata)
    x$fpl$usenofp                            0x08003b0e   Section        0  usenofp.o(x$fpl$usenofp)
    .constdata                               0x080044b8   Section       32  ierg3810_gamelogic.o(.constdata)
    .data                                    0x20000000   Section        1  ierg3810_buzzer.o(.data)
    .data                                    0x20000004   Section       31  ierg3810_exti.o(.data)
    .data                                    0x20000023   Section        2  ierg3810_led.o(.data)
    .data                                    0x20000028   Section       45  main.o(.data)
    .bss                                     0x20000058   Section      202  main.o(.bss)
    .bss                                     0x20000124   Section       96  libspace.o(.bss)
    HEAP                                     0x20000188   Section      512  startup_stm32f10x_hd.o(HEAP)
    Heap_Mem                                 0x20000188   Data         512  startup_stm32f10x_hd.o(HEAP)
    STACK                                    0x20000388   Section     1024  startup_stm32f10x_hd.o(STACK)
    Stack_Mem                                0x20000388   Data        1024  startup_stm32f10x_hd.o(STACK)
    __initial_sp                             0x20000788   Data           0  startup_stm32f10x_hd.o(STACK)

    Global Symbols

    Symbol Name                              Value     Ov Type        Size  Object(Section)

    BuildAttributes$$THM_ISAv4$P$D$K$B$S$PE$A:L22UL41UL21$X:L11$S22US41US21$IEEE1$IW$USESV6$~STKCKD$USESV7$~SHL$OTIME$ROPI$EBA8$UX$STANDARDLIB$REQ8$PRES8$EABIv2 0x00000000   Number         0  anon$$obj.o ABSOLUTE
    __ARM_use_no_argv                        0x00000000   Number         0  main.o ABSOLUTE
    __ARM_exceptions_init                     - Undefined Weak Reference
    __alloca_initialize                       - Undefined Weak Reference
    __arm_preinit_                            - Undefined Weak Reference
    __cpp_initialize__aeabi_                  - Undefined Weak Reference
    __cxa_finalize                            - Undefined Weak Reference
    __rt_locale                               - Undefined Weak Reference
    __sigvec_lookup                           - Undefined Weak Reference
    __user_heap_extent                        - Undefined Weak Reference
    _atexit_init                              - Undefined Weak Reference
    _call_atexit_fns                          - Undefined Weak Reference
    _clock_init                               - Undefined Weak Reference
    _fp_trap_init                             - Undefined Weak Reference
    _fp_trap_shutdown                         - Undefined Weak Reference
    _get_lc_collate                           - Undefined Weak Reference
    _get_lc_ctype                             - Undefined Weak Reference
    _get_lc_monetary                          - Undefined Weak Reference
    _get_lc_numeric                           - Undefined Weak Reference
    _get_lc_time                              - Undefined Weak Reference
    _getenv_init                              - Undefined Weak Reference
    _handle_redirection                       - Undefined Weak Reference
    _initio                                   - Undefined Weak Reference
    _mutex_acquire                            - Undefined Weak Reference
    _mutex_free                               - Undefined Weak Reference
    _mutex_release                            - Undefined Weak Reference
    _rand_init                                - Undefined Weak Reference
    _signal_finish                            - Undefined Weak Reference
    _signal_init                              - Undefined Weak Reference
    _terminateio                              - Undefined Weak Reference
    __Vectors_Size                           0x00000130   Number         0  startup_stm32f10x_hd.o ABSOLUTE
    __Vectors                                0x08000000   Data           4  startup_stm32f10x_hd.o(RESET)
    __Vectors_End                            0x08000130   Data           0  startup_stm32f10x_hd.o(RESET)
    __main                                   0x08000131   Thumb Code     8  __main.o(!!!main)
    __scatterload                            0x08000139   Thumb Code     0  __scatter.o(!!!scatter)
    __scatterload_rt2                        0x08000139   Thumb Code    44  __scatter.o(!!!scatter)
    __scatterload_rt2_thumb_only             0x08000139   Thumb Code     0  __scatter.o(!!!scatter)
    __scatterload_null                       0x08000147   Thumb Code     0  __scatter.o(!!!scatter)
    __scatterload_copy                       0x0800016d   Thumb Code    26  __scatter_copy.o(!!handler_copy)
    __scatterload_zeroinit                   0x08000189   Thumb Code    28  __scatter_zi.o(!!handler_zi)
    __rt_lib_init                            0x080001a5   Thumb Code     0  libinit.o(.ARM.Collect$$libinit$$00000000)
    __rt_lib_init_fp_1                       0x080001a7   Thumb Code     0  libinit2.o(.ARM.Collect$$libinit$$00000002)
    __rt_lib_init_heap_2                     0x080001a7   Thumb Code     0  libinit2.o(.ARM.Collect$$libinit$$00000005)
    __rt_lib_init_preinit_1                  0x080001a7   Thumb Code     0  libinit2.o(.ARM.Collect$$libinit$$00000004)
    __rt_lib_init_alloca_1                   0x080001af   Thumb Code     0  libinit2.o(.ARM.Collect$$libinit$$0000002E)
    __rt_lib_init_argv_1                     0x080001af   Thumb Code     0  libinit2.o(.ARM.Collect$$libinit$$0000002C)
    __rt_lib_init_atexit_1                   0x080001af   Thumb Code     0  libinit2.o(.ARM.Collect$$libinit$$0000001B)
    __rt_lib_init_clock_1                    0x080001af   Thumb Code     0  libinit2.o(.ARM.Collect$$libinit$$00000021)
    __rt_lib_init_cpp_1                      0x080001af   Thumb Code     0  libinit2.o(.ARM.Collect$$libinit$$00000032)
    __rt_lib_init_exceptions_1               0x080001af   Thumb Code     0  libinit2.o(.ARM.Collect$$libinit$$00000030)
    __rt_lib_init_fp_trap_1                  0x080001af   Thumb Code     0  libinit2.o(.ARM.Collect$$libinit$$0000001F)
    __rt_lib_init_getenv_1                   0x080001af   Thumb Code     0  libinit2.o(.ARM.Collect$$libinit$$00000023)
    __rt_lib_init_heap_1                     0x080001af   Thumb Code     0  libinit2.o(.ARM.Collect$$libinit$$0000000A)
    __rt_lib_init_lc_collate_1               0x080001af   Thumb Code     0  libinit2.o(.ARM.Collect$$libinit$$00000011)
    __rt_lib_init_lc_ctype_1                 0x080001af   Thumb Code     0  libinit2.o(.ARM.Collect$$libinit$$00000013)
    __rt_lib_init_lc_monetary_1              0x080001af   Thumb Code     0  libinit2.o(.ARM.Collect$$libinit$$00000015)
    __rt_lib_init_lc_numeric_1               0x080001af   Thumb Code     0  libinit2.o(.ARM.Collect$$libinit$$00000017)
    __rt_lib_init_lc_time_1                  0x080001af   Thumb Code     0  libinit2.o(.ARM.Collect$$libinit$$00000019)
    __rt_lib_init_rand_1                     0x080001af   Thumb Code     0  libinit2.o(.ARM.Collect$$libinit$$0000000E)
    __rt_lib_init_return                     0x080001af   Thumb Code     0  libinit2.o(.ARM.Collect$$libinit$$00000033)
    __rt_lib_init_signal_1                   0x080001af   Thumb Code     0  libinit2.o(.ARM.Collect$$libinit$$0000001D)
    __rt_lib_init_stdio_1                    0x080001af   Thumb Code     0  libinit2.o(.ARM.Collect$$libinit$$00000025)
    __rt_lib_init_user_alloc_1               0x080001af   Thumb Code     0  libinit2.o(.ARM.Collect$$libinit$$0000000C)
    __rt_lib_shutdown                        0x080001b1   Thumb Code     0  libshutdown.o(.ARM.Collect$$libshutdown$$00000000)
    __rt_lib_shutdown_fp_trap_1              0x080001b3   Thumb Code     0  libshutdown2.o(.ARM.Collect$$libshutdown$$00000006)
    __rt_lib_shutdown_heap_1                 0x080001b3   Thumb Code     0  libshutdown2.o(.ARM.Collect$$libshutdown$$0000000E)
    __rt_lib_shutdown_return                 0x080001b3   Thumb Code     0  libshutdown2.o(.ARM.Collect$$libshutdown$$0000000F)
    __rt_lib_shutdown_signal_1               0x080001b3   Thumb Code     0  libshutdown2.o(.ARM.Collect$$libshutdown$$00000009)
    __rt_lib_shutdown_stdio_1                0x080001b3   Thumb Code     0  libshutdown2.o(.ARM.Collect$$libshutdown$$00000003)
    __rt_lib_shutdown_user_alloc_1           0x080001b3   Thumb Code     0  libshutdown2.o(.ARM.Collect$$libshutdown$$0000000B)
    __rt_entry                               0x080001b5   Thumb Code     0  __rtentry.o(.ARM.Collect$$rtentry$$00000000)
    __rt_entry_presh_1                       0x080001b5   Thumb Code     0  __rtentry2.o(.ARM.Collect$$rtentry$$00000002)
    __rt_entry_sh                            0x080001b5   Thumb Code     0  __rtentry4.o(.ARM.Collect$$rtentry$$00000004)
    __rt_entry_li                            0x080001bb   Thumb Code     0  __rtentry2.o(.ARM.Collect$$rtentry$$0000000A)
    __rt_entry_postsh_1                      0x080001bb   Thumb Code     0  __rtentry2.o(.ARM.Collect$$rtentry$$00000009)
    __rt_entry_main                          0x080001bf   Thumb Code     0  __rtentry2.o(.ARM.Collect$$rtentry$$0000000D)
    __rt_entry_postli_1                      0x080001bf   Thumb Code     0  __rtentry2.o(.ARM.Collect$$rtentry$$0000000C)
    __rt_exit                                0x080001c7   Thumb Code     0  rtexit.o(.ARM.Collect$$rtexit$$00000000)
    __rt_exit_ls                             0x080001c9   Thumb Code     0  rtexit2.o(.ARM.Collect$$rtexit$$00000003)
    __rt_exit_prels_1                        0x080001c9   Thumb Code     0  rtexit2.o(.ARM.Collect$$rtexit$$00000002)
    __rt_exit_exit                           0x080001cd   Thumb Code     0  rtexit2.o(.ARM.Collect$$rtexit$$00000004)
    Reset_Handler                            0x080001d5   Thumb Code     8  startup_stm32f10x_hd.o(.text)
    _maybe_terminate_alloc                   0x080001d5   Thumb Code     0  maybetermalloc1.o(.emb_text)
    ADC1_2_IRQHandler                        0x080001ef   Thumb Code     0  startup_stm32f10x_hd.o(.text)
    ADC3_IRQHandler                          0x080001ef   Thumb Code     0  startup_stm32f10x_hd.o(.text)
    CAN1_RX1_IRQHandler                      0x080001ef   Thumb Code     0  startup_stm32f10x_hd.o(.text)
    CAN1_SCE_IRQHandler                      0x080001ef   Thumb Code     0  startup_stm32f10x_hd.o(.text)
    DMA1_Channel1_IRQHandler                 0x080001ef   Thumb Code     0  startup_stm32f10x_hd.o(.text)
    DMA1_Channel2_IRQHandler                 0x080001ef   Thumb Code     0  startup_stm32f10x_hd.o(.text)
    DMA1_Channel3_IRQHandler                 0x080001ef   Thumb Code     0  startup_stm32f10x_hd.o(.text)
    DMA1_Channel4_IRQHandler                 0x080001ef   Thumb Code     0  startup_stm32f10x_hd.o(.text)
    DMA1_Channel5_IRQHandler                 0x080001ef   Thumb Code     0  startup_stm32f10x_hd.o(.text)
    DMA1_Channel6_IRQHandler                 0x080001ef   Thumb Code     0  startup_stm32f10x_hd.o(.text)
    DMA1_Channel7_IRQHandler                 0x080001ef   Thumb Code     0  startup_stm32f10x_hd.o(.text)
    DMA2_Channel1_IRQHandler                 0x080001ef   Thumb Code     0  startup_stm32f10x_hd.o(.text)
    DMA2_Channel2_IRQHandler                 0x080001ef   Thumb Code     0  startup_stm32f10x_hd.o(.text)
    DMA2_Channel3_IRQHandler                 0x080001ef   Thumb Code     0  startup_stm32f10x_hd.o(.text)
    DMA2_Channel4_5_IRQHandler               0x080001ef   Thumb Code     0  startup_stm32f10x_hd.o(.text)
    EXTI1_IRQHandler                         0x080001ef   Thumb Code     0  startup_stm32f10x_hd.o(.text)
    EXTI3_IRQHandler                         0x080001ef   Thumb Code     0  startup_stm32f10x_hd.o(.text)
    EXTI4_IRQHandler                         0x080001ef   Thumb Code     0  startup_stm32f10x_hd.o(.text)
    EXTI9_5_IRQHandler                       0x080001ef   Thumb Code     0  startup_stm32f10x_hd.o(.text)
    FLASH_IRQHandler                         0x080001ef   Thumb Code     0  startup_stm32f10x_hd.o(.text)
    FSMC_IRQHandler                          0x080001ef   Thumb Code     0  startup_stm32f10x_hd.o(.text)
    I2C1_ER_IRQHandler                       0x080001ef   Thumb Code     0  startup_stm32f10x_hd.o(.text)
    I2C1_EV_IRQHandler                       0x080001ef   Thumb Code     0  startup_stm32f10x_hd.o(.text)
    I2C2_ER_IRQHandler                       0x080001ef   Thumb Code     0  startup_stm32f10x_hd.o(.text)
    I2C2_EV_IRQHandler                       0x080001ef   Thumb Code     0  startup_stm32f10x_hd.o(.text)
    PVD_IRQHandler                           0x080001ef   Thumb Code     0  startup_stm32f10x_hd.o(.text)
    RCC_IRQHandler                           0x080001ef   Thumb Code     0  startup_stm32f10x_hd.o(.text)
    RTCAlarm_IRQHandler                      0x080001ef   Thumb Code     0  startup_stm32f10x_hd.o(.text)
    RTC_IRQHandler                           0x080001ef   Thumb Code     0  startup_stm32f10x_hd.o(.text)
    SDIO_IRQHandler                          0x080001ef   Thumb Code     0  startup_stm32f10x_hd.o(.text)
    SPI1_IRQHandler                          0x080001ef   Thumb Code     0  startup_stm32f10x_hd.o(.text)
    SPI2_IRQHandler                          0x080001ef   Thumb Code     0  startup_stm32f10x_hd.o(.text)
    SPI3_IRQHandler                          0x080001ef   Thumb Code     0  startup_stm32f10x_hd.o(.text)
    TAMPER_IRQHandler                        0x080001ef   Thumb Code     0  startup_stm32f10x_hd.o(.text)
    TIM1_BRK_IRQHandler                      0x080001ef   Thumb Code     0  startup_stm32f10x_hd.o(.text)
    TIM1_CC_IRQHandler                       0x080001ef   Thumb Code     0  startup_stm32f10x_hd.o(.text)
    TIM1_TRG_COM_IRQHandler                  0x080001ef   Thumb Code     0  startup_stm32f10x_hd.o(.text)
    TIM1_UP_IRQHandler                       0x080001ef   Thumb Code     0  startup_stm32f10x_hd.o(.text)
    TIM2_IRQHandler                          0x080001ef   Thumb Code     0  startup_stm32f10x_hd.o(.text)
    TIM5_IRQHandler                          0x080001ef   Thumb Code     0  startup_stm32f10x_hd.o(.text)
    TIM6_IRQHandler                          0x080001ef   Thumb Code     0  startup_stm32f10x_hd.o(.text)
    TIM7_IRQHandler                          0x080001ef   Thumb Code     0  startup_stm32f10x_hd.o(.text)
    TIM8_BRK_IRQHandler                      0x080001ef   Thumb Code     0  startup_stm32f10x_hd.o(.text)
    TIM8_CC_IRQHandler                       0x080001ef   Thumb Code     0  startup_stm32f10x_hd.o(.text)
    TIM8_TRG_COM_IRQHandler                  0x080001ef   Thumb Code     0  startup_stm32f10x_hd.o(.text)
    TIM8_UP_IRQHandler                       0x080001ef   Thumb Code     0  startup_stm32f10x_hd.o(.text)
    UART4_IRQHandler                         0x080001ef   Thumb Code     0  startup_stm32f10x_hd.o(.text)
    UART5_IRQHandler                         0x080001ef   Thumb Code     0  startup_stm32f10x_hd.o(.text)
    USART1_IRQHandler                        0x080001ef   Thumb Code     0  startup_stm32f10x_hd.o(.text)
    USART2_IRQHandler                        0x080001ef   Thumb Code     0  startup_stm32f10x_hd.o(.text)
    USART3_IRQHandler                        0x080001ef   Thumb Code     0  startup_stm32f10x_hd.o(.text)
    USBWakeUp_IRQHandler                     0x080001ef   Thumb Code     0  startup_stm32f10x_hd.o(.text)
    USB_HP_CAN1_TX_IRQHandler                0x080001ef   Thumb Code     0  startup_stm32f10x_hd.o(.text)
    USB_LP_CAN1_RX0_IRQHandler               0x080001ef   Thumb Code     0  startup_stm32f10x_hd.o(.text)
    WWDG_IRQHandler                          0x080001ef   Thumb Code     0  startup_stm32f10x_hd.o(.text)
    __user_initial_stackheap                 0x080001f1   Thumb Code     0  startup_stm32f10x_hd.o(.text)
    malloc                                   0x08000215   Thumb Code    94  h1_alloc.o(.text)
    free                                     0x08000273   Thumb Code    78  h1_free.o(.text)
    strcpy                                   0x080002c1   Thumb Code    72  strcpy.o(.text)
    __aeabi_memclr                           0x08000309   Thumb Code     0  rt_memclr.o(.text)
    __rt_memclr                              0x08000309   Thumb Code    68  rt_memclr.o(.text)
    _memset                                  0x0800030d   Thumb Code     0  rt_memclr.o(.text)
    __use_two_region_memory                  0x0800034d   Thumb Code     2  heapauxi.o(.text)
    __rt_heap_escrow                         0x0800034f   Thumb Code     2  heapauxi.o(.text)
    __rt_heap_expand                         0x08000351   Thumb Code     2  heapauxi.o(.text)
    __rt_heap_descriptor                     0x08000355   Thumb Code     8  rt_heap_descriptor_intlibspace.o(.text)
    __use_no_heap                            0x0800035d   Thumb Code     2  hguard.o(.text)
    __heap$guard                             0x0800035f   Thumb Code     2  hguard.o(.text)
    _terminate_user_alloc                    0x08000361   Thumb Code     2  init_alloc.o(.text)
    _init_user_alloc                         0x08000363   Thumb Code     2  init_alloc.o(.text)
    __Heap_Full                              0x08000365   Thumb Code    34  init_alloc.o(.text)
    __Heap_Broken                            0x08000387   Thumb Code     6  init_alloc.o(.text)
    _init_alloc                              0x0800038d   Thumb Code    94  init_alloc.o(.text)
    __Heap_Initialize                        0x080003eb   Thumb Code    10  h1_init.o(.text)
    __Heap_DescSize                          0x080003f5   Thumb Code     4  h1_init.o(.text)
    __aeabi_memclr4                          0x080003f9   Thumb Code     0  rt_memclr_w.o(.text)
    __aeabi_memclr8                          0x080003f9   Thumb Code     0  rt_memclr_w.o(.text)
    __rt_memclr_w                            0x080003f9   Thumb Code    78  rt_memclr_w.o(.text)
    _memset_w                                0x080003fd   Thumb Code     0  rt_memclr_w.o(.text)
    __user_libspace                          0x08000449   Thumb Code     8  libspace.o(.text)
    __user_perproc_libspace                  0x08000449   Thumb Code     0  libspace.o(.text)
    __user_perthread_libspace                0x08000449   Thumb Code     0  libspace.o(.text)
    __Heap_ProvideMemory                     0x08000451   Thumb Code    52  h1_extend.o(.text)
    __rt_SIGRTMEM                            0x08000485   Thumb Code    14  defsig_rtmem_outer.o(.text)
    __I$use$semihosting                      0x08000493   Thumb Code     0  use_no_semi.o(.text)
    __use_no_semihosting_swi                 0x08000493   Thumb Code     2  use_no_semi.o(.text)
    __semihosting_library_function           0x08000495   Thumb Code     0  indicate_semi.o(.text)
    __user_setup_stackheap                   0x08000495   Thumb Code    74  sys_stackheap_outer.o(.text)
    exit                                     0x080004df   Thumb Code    12  exit.o(.text)
    __sig_exit                               0x080004eb   Thumb Code    10  defsig_exit.o(.text)
    __rt_SIGRTMEM_inner                      0x080004f5   Thumb Code    22  defsig_rtmem_inner.o(.text)
    _sys_exit                                0x08000545   Thumb Code     8  sys_exit.o(.text)
    __default_signal_display                 0x08000551   Thumb Code    50  defsig_general.o(.text)
    _ttywrch                                 0x08000583   Thumb Code    14  sys_wrch.o(.text)
    BusFault_Handler                         0x08000591   Thumb Code     4  stm32f10x_it.o(i.BusFault_Handler)
    DebugMon_Handler                         0x08000595   Thumb Code     2  stm32f10x_it.o(i.DebugMon_Handler)
    Delay                                    0x08000597   Thumb Code    12  ierg3810_clock.o(i.Delay)
    EXTI0_IRQHandler                         0x080005a5   Thumb Code    48  ierg3810_exti.o(i.EXTI0_IRQHandler)
    EXTI15_10_IRQHandler                     0x080005e1   Thumb Code    64  ierg3810_exti.o(i.EXTI15_10_IRQHandler)
    EXTI2_IRQHandler                         0x08000631   Thumb Code    48  ierg3810_exti.o(i.EXTI2_IRQHandler)
    HardFault_Handler                        0x0800066d   Thumb Code     4  stm32f10x_it.o(i.HardFault_Handler)
    IEGR3810_GameLogic_ClearFlipping         0x08000671   Thumb Code    12  ierg3810_gamelogic.o(i.IEGR3810_GameLogic_ClearFlipping)
    IEGR3810_GameLogic_ClearGBoard           0x08000681   Thumb Code    36  ierg3810_gamelogic.o(i.IEGR3810_GameLogic_ClearGBoard)
    IEGR3810_GameLogic_ClearLegal            0x080006a9   Thumb Code    12  ierg3810_gamelogic.o(i.IEGR3810_GameLogic_ClearLegal)
    IEGR3810_GameLogic_EnqueueFlippingNeeded 0x080006b9   Thumb Code   314  ierg3810_gamelogic.o(i.IEGR3810_GameLogic_EnqueueFlippingNeeded)
    IEGR3810_GameLogic_UpdateCursorPos       0x0800080d   Thumb Code    52  ierg3810_gamelogic.o(i.IEGR3810_GameLogic_UpdateCursorPos)
    IEGR3810_GameLogic_UpdateLegal           0x08000845   Thumb Code   286  ierg3810_gamelogic.o(i.IEGR3810_GameLogic_UpdateLegal)
    IERG3810_Buzzer_Init                     0x0800097d   Thumb Code    50  ierg3810_buzzer.o(i.IERG3810_Buzzer_Init)
    IERG3810_LED_Init                        0x080009bd   Thumb Code    94  ierg3810_led.o(i.IERG3810_LED_Init)
    IERG3810_NVIC_SetPriorityGroup           0x08000a31   Thumb Code    30  ierg3810_exti.o(i.IERG3810_NVIC_SetPriorityGroup)
    IERG3810_PS2key_ExtiInit                 0x08000a59   Thumb Code   154  ierg3810_exti.o(i.IERG3810_PS2key_ExtiInit)
    IERG3810_SYSTICK_Init10ms                0x08000b0d   Thumb Code    24  ierg3810_timer.o(i.IERG3810_SYSTICK_Init10ms)
    IERG3810_TFTLCD_ClearLegal_RC            0x08000b29   Thumb Code    50  ierg3810_tftlcd.o(i.IERG3810_TFTLCD_ClearLegal_RC)
    IERG3810_TFTLCD_DrawDot                  0x08000b65   Thumb Code    80  ierg3810_tftlcd.o(i.IERG3810_TFTLCD_DrawDot)
    IERG3810_TFTLCD_FillRectangle            0x08000bb5   Thumb Code   118  ierg3810_tftlcd.o(i.IERG3810_TFTLCD_FillRectangle)
    IERG3810_TFTLCD_HighlightBorder          0x08000c2b   Thumb Code   114  ierg3810_tftlcd.o(i.IERG3810_TFTLCD_HighlightBorder)
    IERG3810_TFTLCD_Init                     0x08000c9d   Thumb Code   336  ierg3810_tftlcd.o(i.IERG3810_TFTLCD_Init)
    IERG3810_TFTLCD_OverlayChar              0x08000e0d   Thumb Code   146  ierg3810_tftlcd.o(i.IERG3810_TFTLCD_OverlayChar)
    IERG3810_TFTLCD_SetParameter             0x08000ea5   Thumb Code    46  ierg3810_tftlcd.o(i.IERG3810_TFTLCD_SetParameter)
    IERG3810_TFTLCD_ShowChar                 0x08000ed5   Thumb Code   230  ierg3810_tftlcd.o(i.IERG3810_TFTLCD_ShowChar)
    IERG3810_TFTLCD_ShowChinChar             0x08000fc1   Thumb Code   218  ierg3810_tftlcd.o(i.IERG3810_TFTLCD_ShowChinChar)
    IERG3810_TFTLCD_ShowGame                 0x080010a1   Thumb Code   334  ierg3810_tftlcd.o(i.IERG3810_TFTLCD_ShowGame)
    IERG3810_TFTLCD_ShowGameover             0x08001205   Thumb Code   356  ierg3810_tftlcd.o(i.IERG3810_TFTLCD_ShowGameover)
    IERG3810_TFTLCD_ShowLegal_RC             0x080013bd   Thumb Code    62  ierg3810_tftlcd.o(i.IERG3810_TFTLCD_ShowLegal_RC)
    IERG3810_TFTLCD_ShowNoLegalTxt           0x080013fd   Thumb Code    88  ierg3810_tftlcd.o(i.IERG3810_TFTLCD_ShowNoLegalTxt)
    IERG3810_TFTLCD_ShowPieces               0x0800146d   Thumb Code   164  ierg3810_tftlcd.o(i.IERG3810_TFTLCD_ShowPieces)
    IERG3810_TFTLCD_ShowPieces_RC            0x08001519   Thumb Code   124  ierg3810_tftlcd.o(i.IERG3810_TFTLCD_ShowPieces_RC)
    IERG3810_TFTLCD_ShowRules                0x080015a1   Thumb Code  3102  ierg3810_tftlcd.o(i.IERG3810_TFTLCD_ShowRules)
    IERG3810_TFTLCD_ShowStart                0x08002241   Thumb Code   644  ierg3810_tftlcd.o(i.IERG3810_TFTLCD_ShowStart)
    IERG3810_TFTLCD_ShowTurn                 0x08002501   Thumb Code   152  ierg3810_tftlcd.o(i.IERG3810_TFTLCD_ShowTurn)
    IERG3810_TFTLCD_UpdateScore              0x08002599   Thumb Code   168  ierg3810_tftlcd.o(i.IERG3810_TFTLCD_UpdateScore)
    IERG3810_TFTLCD_WrData                   0x08002649   Thumb Code     6  ierg3810_tftlcd.o(i.IERG3810_TFTLCD_WrData)
    IERG3810_TFTLCD_WrReg                    0x08002655   Thumb Code     6  ierg3810_tftlcd.o(i.IERG3810_TFTLCD_WrReg)
    IERG3810_USART2_init                     0x08002661   Thumb Code   180  ierg3810_usart.o(i.IERG3810_USART2_init)
    IERG3810_clock_tree_init                 0x08002725   Thumb Code   156  ierg3810_clock.o(i.IERG3810_clock_tree_init)
    MemManage_Handler                        0x080027d1   Thumb Code     4  stm32f10x_it.o(i.MemManage_Handler)
    NMI_Handler                              0x080027d5   Thumb Code     2  stm32f10x_it.o(i.NMI_Handler)
    PendSV_Handler                           0x080027d7   Thumb Code     2  stm32f10x_it.o(i.PendSV_Handler)
    SVC_Handler                              0x080027d9   Thumb Code     2  stm32f10x_it.o(i.SVC_Handler)
    SysTick_Handler                          0x080028c5   Thumb Code    62  stm32f10x_it.o(i.SysTick_Handler)
    SystemInit                               0x0800291d   Thumb Code    78  system_stm32f10x.o(i.SystemInit)
    TIM3_IRQHandler                          0x0800297d   Thumb Code    36  ierg3810_timer.o(i.TIM3_IRQHandler)
    TIM4_IRQHandler                          0x080029a9   Thumb Code    34  ierg3810_timer.o(i.TIM4_IRQHandler)
    USART_print                              0x080029d5   Thumb Code    80  ierg3810_usart.o(i.USART_print)
    UsageFault_Handler                       0x08002a2d   Thumb Code     4  stm32f10x_it.o(i.UsageFault_Handler)
    createQueue                              0x08002a31   Thumb Code    36  global.o(i.createQueue)
    dequeue                                  0x08002a55   Thumb Code    48  global.o(i.dequeue)
    enqueue                                  0x08002a85   Thumb Code    48  global.o(i.enqueue)
    main                                     0x08002ab5   Thumb Code  2630  main.o(i.main)
    queue_free                               0x08003555   Thumb Code    36  global.o(i.queue_free)
    queue_getItem                            0x08003579   Thumb Code    48  global.o(i.queue_getItem)
    queue_isEmpty                            0x080035a9   Thumb Code    14  global.o(i.queue_isEmpty)
    queue_isFull                             0x080035b7   Thumb Code    18  global.o(i.queue_isFull)
    __aeabi_fadd                             0x080035c9   Thumb Code     0  faddsub_clz.o(x$fpl$fadd)
    _fadd                                    0x080035c9   Thumb Code   196  faddsub_clz.o(x$fpl$fadd)
    __aeabi_fdiv                             0x0800368d   Thumb Code     0  fdiv.o(x$fpl$fdiv)
    _fdiv                                    0x0800368d   Thumb Code   384  fdiv.o(x$fpl$fdiv)
    __aeabi_f2uiz                            0x08003811   Thumb Code     0  ffixu.o(x$fpl$ffixu)
    _ffixu                                   0x08003811   Thumb Code    62  ffixu.o(x$fpl$ffixu)
    __aeabi_ui2f                             0x08003851   Thumb Code     0  fflt_clz.o(x$fpl$ffltu)
    _ffltu                                   0x08003851   Thumb Code    38  fflt_clz.o(x$fpl$ffltu)
    __aeabi_fmul                             0x08003879   Thumb Code     0  fmul.o(x$fpl$fmul)
    _fmul                                    0x08003879   Thumb Code   258  fmul.o(x$fpl$fmul)
    __fpl_fnaninf                            0x0800397b   Thumb Code   140  fnaninf.o(x$fpl$fnaninf)
    __fpl_fretinf                            0x08003a07   Thumb Code    10  fretinf.o(x$fpl$fretinf)
    __aeabi_frsub                            0x08003a11   Thumb Code     0  faddsub_clz.o(x$fpl$frsb)
    _frsb                                    0x08003a11   Thumb Code    20  faddsub_clz.o(x$fpl$frsb)
    __aeabi_fsub                             0x08003a25   Thumb Code     0  faddsub_clz.o(x$fpl$fsub)
    _fsub                                    0x08003a25   Thumb Code   234  faddsub_clz.o(x$fpl$fsub)
    __I$use$fp                               0x08003b0e   Number         0  usenofp.o(x$fpl$usenofp)
    asc2_1608                                0x08003b0e   Data        1520  ierg3810_tftlcd.o(.constdata)
    chi_1616                                 0x080040fe   Data         192  ierg3810_tftlcd.o(.constdata)
    title                                    0x080041be   Data         696  ierg3810_tftlcd.o(.constdata)
    black_piece                              0x08004476   Data          32  ierg3810_tftlcd.o(.constdata)
    white_piece                              0x08004496   Data          32  ierg3810_tftlcd.o(.constdata)
    Region$$Table$$Base                      0x080044d8   Number         0  anon$$obj.o(Region$$Table)
    Region$$Table$$Limit                     0x080044f8   Number         0  anon$$obj.o(Region$$Table)
    buzzer_on                                0x20000000   Data           1  ierg3810_buzzer.o(.data)
    ps2key                                   0x20000004   Data           4  ierg3810_exti.o(.data)
    ps2count                                 0x20000008   Data           4  ierg3810_exti.o(.data)
    ps2data                                  0x2000000c   Data           4  ierg3810_exti.o(.data)
    ps2dataReady                             0x20000010   Data           1  ierg3810_exti.o(.data)
    prevF0                                   0x20000011   Data           1  ierg3810_exti.o(.data)
    parity_lookup                            0x20000012   Data          16  ierg3810_exti.o(.data)
    expected_parity                          0x20000022   Data           1  ierg3810_exti.o(.data)
    led1_on                                  0x20000023   Data           1  ierg3810_led.o(.data)
    led0_on                                  0x20000024   Data           1  ierg3810_led.o(.data)
    black_score                              0x20000028   Data           1  main.o(.data)
    white_score                              0x20000029   Data           1  main.o(.data)
    cursor_pos_rc                            0x2000002a   Data           2  main.o(.data)
    prev_cursor_pos_rc                       0x2000002c   Data           2  main.o(.data)
    prev_scene                               0x2000002e   Data           1  main.o(.data)
    curr_scene                               0x2000002f   Data           1  main.o(.data)
    is_playing                               0x20000030   Data           1  main.o(.data)
    is_animating                             0x20000031   Data           1  main.o(.data)
    flip_delay                               0x20000032   Data           1  main.o(.data)
    gameplay_display_uptodate                0x20000033   Data           1  main.o(.data)
    turn_change_req                          0x20000034   Data           1  main.o(.data)
    cursor_move_req                          0x20000035   Data           1  main.o(.data)
    disc_place_req                           0x20000036   Data           1  main.o(.data)
    disc_placedAtRow                         0x20000037   Data           1  main.o(.data)
    disc_placedAtCol                         0x20000038   Data           1  main.o(.data)
    show_legal_req                           0x20000039   Data           1  main.o(.data)
    curr_turn                                0x2000003a   Data           1  main.o(.data)
    next_turn                                0x2000003b   Data           1  main.o(.data)
    prev_legal_cnt                           0x2000003c   Data           1  main.o(.data)
    curr_legal_cnt                           0x2000003d   Data           1  main.o(.data)
    ps2DelayTimeout                          0x2000003e   Data           1  main.o(.data)
    keypad1DelayCount                        0x2000003f   Data           1  main.o(.data)
    keypad2DelayCount                        0x20000040   Data           1  main.o(.data)
    keypad3DelayCount                        0x20000041   Data           1  main.o(.data)
    keypad5DelayCount                        0x20000042   Data           1  main.o(.data)
    keypad4FirstPress                        0x20000043   Data           1  main.o(.data)
    legalQrow                                0x20000044   Data           4  main.o(.data)
    legalQcol                                0x20000048   Data           4  main.o(.data)
    flippingQrow                             0x2000004c   Data           4  main.o(.data)
    flippingQcol                             0x20000050   Data           4  main.o(.data)
    curr_task                                0x20000054   Data           1  main.o(.data)
    gboard                                   0x20000058   Data          64  main.o(.bss)
    gboard_legal                             0x20000098   Data          64  main.o(.bss)
    gboard_flipping                          0x200000d8   Data          64  main.o(.bss)
    keypad_pressed                           0x20000118   Data          10  main.o(.bss)
    __libspace_start                         0x20000124   Data          96  libspace.o(.bss)
    __temporary_stack_top$libspace           0x20000184   Data           0  libspace.o(.bss)



==============================================================================

Memory Map of the image

  Image Entry point : 0x08000131

  Load Region LR_IROM1 (Base: 0x08000000, Size: 0x00004550, Max: 0x00080000, ABSOLUTE)

    Execution Region ER_IROM1 (Base: 0x08000000, Size: 0x000044f8, Max: 0x00080000, ABSOLUTE)

    Base Addr    Size         Type   Attr      Idx    E Section Name        Object

    0x08000000   0x00000130   Data   RO         3611    RESET               startup_stm32f10x_hd.o
    0x08000130   0x00000008   Code   RO         3803  * !!!main             c_w.l(__main.o)
    0x08000138   0x00000034   Code   RO         4034    !!!scatter          c_w.l(__scatter.o)
    0x0800016c   0x0000001a   Code   RO         4036    !!handler_copy      c_w.l(__scatter_copy.o)
    0x08000186   0x00000002   PAD
    0x08000188   0x0000001c   Code   RO         4038    !!handler_zi        c_w.l(__scatter_zi.o)
    0x080001a4   0x00000002   Code   RO         3974    .ARM.Collect$$libinit$$00000000  c_w.l(libinit.o)
    0x080001a6   0x00000000   Code   RO         3862    .ARM.Collect$$libinit$$00000002  c_w.l(libinit2.o)
    0x080001a6   0x00000000   Code   RO         3864    .ARM.Collect$$libinit$$00000004  c_w.l(libinit2.o)
    0x080001a6   0x00000008   Code   RO         3865    .ARM.Collect$$libinit$$00000005  c_w.l(libinit2.o)
    0x080001ae   0x00000000   Code   RO         3867    .ARM.Collect$$libinit$$0000000A  c_w.l(libinit2.o)
    0x080001ae   0x00000000   Code   RO         3869    .ARM.Collect$$libinit$$0000000C  c_w.l(libinit2.o)
    0x080001ae   0x00000000   Code   RO         3871    .ARM.Collect$$libinit$$0000000E  c_w.l(libinit2.o)
    0x080001ae   0x00000000   Code   RO         3874    .ARM.Collect$$libinit$$00000011  c_w.l(libinit2.o)
    0x080001ae   0x00000000   Code   RO         3876    .ARM.Collect$$libinit$$00000013  c_w.l(libinit2.o)
    0x080001ae   0x00000000   Code   RO         3878    .ARM.Collect$$libinit$$00000015  c_w.l(libinit2.o)
    0x080001ae   0x00000000   Code   RO         3880    .ARM.Collect$$libinit$$00000017  c_w.l(libinit2.o)
    0x080001ae   0x00000000   Code   RO         3882    .ARM.Collect$$libinit$$00000019  c_w.l(libinit2.o)
    0x080001ae   0x00000000   Code   RO         3884    .ARM.Collect$$libinit$$0000001B  c_w.l(libinit2.o)
    0x080001ae   0x00000000   Code   RO         3886    .ARM.Collect$$libinit$$0000001D  c_w.l(libinit2.o)
    0x080001ae   0x00000000   Code   RO         3888    .ARM.Collect$$libinit$$0000001F  c_w.l(libinit2.o)
    0x080001ae   0x00000000   Code   RO         3890    .ARM.Collect$$libinit$$00000021  c_w.l(libinit2.o)
    0x080001ae   0x00000000   Code   RO         3892    .ARM.Collect$$libinit$$00000023  c_w.l(libinit2.o)
    0x080001ae   0x00000000   Code   RO         3894    .ARM.Collect$$libinit$$00000025  c_w.l(libinit2.o)
    0x080001ae   0x00000000   Code   RO         3898    .ARM.Collect$$libinit$$0000002C  c_w.l(libinit2.o)
    0x080001ae   0x00000000   Code   RO         3900    .ARM.Collect$$libinit$$0000002E  c_w.l(libinit2.o)
    0x080001ae   0x00000000   Code   RO         3902    .ARM.Collect$$libinit$$00000030  c_w.l(libinit2.o)
    0x080001ae   0x00000000   Code   RO         3904    .ARM.Collect$$libinit$$00000032  c_w.l(libinit2.o)
    0x080001ae   0x00000002   Code   RO         3905    .ARM.Collect$$libinit$$00000033  c_w.l(libinit2.o)
    0x080001b0   0x00000002   Code   RO         4031    .ARM.Collect$$libshutdown$$00000000  c_w.l(libshutdown.o)
    0x080001b2   0x00000000   Code   RO         3989    .ARM.Collect$$libshutdown$$00000003  c_w.l(libshutdown2.o)
    0x080001b2   0x00000000   Code   RO         3992    .ARM.Collect$$libshutdown$$00000006  c_w.l(libshutdown2.o)
    0x080001b2   0x00000000   Code   RO         3995    .ARM.Collect$$libshutdown$$00000009  c_w.l(libshutdown2.o)
    0x080001b2   0x00000000   Code   RO         3997    .ARM.Collect$$libshutdown$$0000000B  c_w.l(libshutdown2.o)
    0x080001b2   0x00000000   Code   RO         4000    .ARM.Collect$$libshutdown$$0000000E  c_w.l(libshutdown2.o)
    0x080001b2   0x00000002   Code   RO         4001    .ARM.Collect$$libshutdown$$0000000F  c_w.l(libshutdown2.o)
    0x080001b4   0x00000000   Code   RO         3829    .ARM.Collect$$rtentry$$00000000  c_w.l(__rtentry.o)
    0x080001b4   0x00000000   Code   RO         3917    .ARM.Collect$$rtentry$$00000002  c_w.l(__rtentry2.o)
    0x080001b4   0x00000006   Code   RO         3929    .ARM.Collect$$rtentry$$00000004  c_w.l(__rtentry4.o)
    0x080001ba   0x00000000   Code   RO         3919    .ARM.Collect$$rtentry$$00000009  c_w.l(__rtentry2.o)
    0x080001ba   0x00000004   Code   RO         3920    .ARM.Collect$$rtentry$$0000000A  c_w.l(__rtentry2.o)
    0x080001be   0x00000000   Code   RO         3922    .ARM.Collect$$rtentry$$0000000C  c_w.l(__rtentry2.o)
    0x080001be   0x00000008   Code   RO         3923    .ARM.Collect$$rtentry$$0000000D  c_w.l(__rtentry2.o)
    0x080001c6   0x00000002   Code   RO         3977    .ARM.Collect$$rtexit$$00000000  c_w.l(rtexit.o)
    0x080001c8   0x00000000   Code   RO         4005    .ARM.Collect$$rtexit$$00000002  c_w.l(rtexit2.o)
    0x080001c8   0x00000004   Code   RO         4006    .ARM.Collect$$rtexit$$00000003  c_w.l(rtexit2.o)
    0x080001cc   0x00000006   Code   RO         4007    .ARM.Collect$$rtexit$$00000004  c_w.l(rtexit2.o)
    0x080001d2   0x00000002   PAD
    0x080001d4   0x00000000   Code   RO         3933    .emb_text           c_w.l(maybetermalloc1.o)
    0x080001d4   0x00000040   Code   RO         3612    .text               startup_stm32f10x_hd.o
    0x08000214   0x0000005e   Code   RO         3739    .text               c_w.l(h1_alloc.o)
    0x08000272   0x0000004e   Code   RO         3741    .text               c_w.l(h1_free.o)
    0x080002c0   0x00000048   Code   RO         3797    .text               c_w.l(strcpy.o)
    0x08000308   0x00000044   Code   RO         3799    .text               c_w.l(rt_memclr.o)
    0x0800034c   0x00000006   Code   RO         3801    .text               c_w.l(heapauxi.o)
    0x08000352   0x00000002   PAD
    0x08000354   0x00000008   Code   RO         3833    .text               c_w.l(rt_heap_descriptor_intlibspace.o)
    0x0800035c   0x00000004   Code   RO         3835    .text               c_w.l(hguard.o)
    0x08000360   0x0000008a   Code   RO         3837    .text               c_w.l(init_alloc.o)
    0x080003ea   0x0000000e   Code   RO         3841    .text               c_w.l(h1_init.o)
    0x080003f8   0x0000004e   Code   RO         3857    .text               c_w.l(rt_memclr_w.o)
    0x08000446   0x00000002   PAD
    0x08000448   0x00000008   Code   RO         3913    .text               c_w.l(libspace.o)
    0x08000450   0x00000034   Code   RO         3935    .text               c_w.l(h1_extend.o)
    0x08000484   0x0000000e   Code   RO         3939    .text               c_w.l(defsig_rtmem_outer.o)
    0x08000492   0x00000002   Code   RO         3950    .text               c_w.l(use_no_semi.o)
    0x08000494   0x00000000   Code   RO         3952    .text               c_w.l(indicate_semi.o)
    0x08000494   0x0000004a   Code   RO         3953    .text               c_w.l(sys_stackheap_outer.o)
    0x080004de   0x0000000c   Code   RO         3959    .text               c_w.l(exit.o)
    0x080004ea   0x0000000a   Code   RO         3961    .text               c_w.l(defsig_exit.o)
    0x080004f4   0x00000050   Code   RO         3963    .text               c_w.l(defsig_rtmem_inner.o)
    0x08000544   0x0000000c   Code   RO         3975    .text               c_w.l(sys_exit.o)
    0x08000550   0x00000032   Code   RO         3985    .text               c_w.l(defsig_general.o)
    0x08000582   0x0000000e   Code   RO         4002    .text               c_w.l(sys_wrch.o)
    0x08000590   0x00000004   Code   RO         3666    i.BusFault_Handler  stm32f10x_it.o
    0x08000594   0x00000002   Code   RO         3667    i.DebugMon_Handler  stm32f10x_it.o
    0x08000596   0x0000000c   Code   RO          107    i.Delay             ierg3810_clock.o
    0x080005a2   0x00000002   PAD
    0x080005a4   0x0000003c   Code   RO          128    i.EXTI0_IRQHandler  ierg3810_exti.o
    0x080005e0   0x00000050   Code   RO          129    i.EXTI15_10_IRQHandler  ierg3810_exti.o
    0x08000630   0x0000003c   Code   RO          130    i.EXTI2_IRQHandler  ierg3810_exti.o
    0x0800066c   0x00000004   Code   RO         3668    i.HardFault_Handler  stm32f10x_it.o
    0x08000670   0x00000010   Code   RO          472    i.IEGR3810_GameLogic_ClearFlipping  ierg3810_gamelogic.o
    0x08000680   0x00000028   Code   RO          473    i.IEGR3810_GameLogic_ClearGBoard  ierg3810_gamelogic.o
    0x080006a8   0x00000010   Code   RO          474    i.IEGR3810_GameLogic_ClearLegal  ierg3810_gamelogic.o
    0x080006b8   0x00000154   Code   RO          475    i.IEGR3810_GameLogic_EnqueueFlippingNeeded  ierg3810_gamelogic.o
    0x0800080c   0x00000038   Code   RO          476    i.IEGR3810_GameLogic_UpdateCursorPos  ierg3810_gamelogic.o
    0x08000844   0x00000138   Code   RO          477    i.IEGR3810_GameLogic_UpdateLegal  ierg3810_gamelogic.o
    0x0800097c   0x00000040   Code   RO            1    i.IERG3810_Buzzer_Init  ierg3810_buzzer.o
    0x080009bc   0x00000074   Code   RO          219    i.IERG3810_LED_Init  ierg3810_led.o
    0x08000a30   0x00000028   Code   RO          131    i.IERG3810_NVIC_SetPriorityGroup  ierg3810_exti.o
    0x08000a58   0x000000b4   Code   RO          132    i.IERG3810_PS2key_ExtiInit  ierg3810_exti.o
    0x08000b0c   0x0000001c   Code   RO          403    i.IERG3810_SYSTICK_Init10ms  ierg3810_timer.o
    0x08000b28   0x0000003c   Code   RO          237    i.IERG3810_TFTLCD_ClearLegal_RC  ierg3810_tftlcd.o
    0x08000b64   0x00000050   Code   RO          238    i.IERG3810_TFTLCD_DrawDot  ierg3810_tftlcd.o
    0x08000bb4   0x00000076   Code   RO          239    i.IERG3810_TFTLCD_FillRectangle  ierg3810_tftlcd.o
    0x08000c2a   0x00000072   Code   RO          240    i.IERG3810_TFTLCD_HighlightBorder  ierg3810_tftlcd.o
    0x08000c9c   0x00000170   Code   RO          241    i.IERG3810_TFTLCD_Init  ierg3810_tftlcd.o
    0x08000e0c   0x00000098   Code   RO          242    i.IERG3810_TFTLCD_OverlayChar  ierg3810_tftlcd.o
    0x08000ea4   0x0000002e   Code   RO          243    i.IERG3810_TFTLCD_SetParameter  ierg3810_tftlcd.o
    0x08000ed2   0x00000002   PAD
    0x08000ed4   0x000000ec   Code   RO          245    i.IERG3810_TFTLCD_ShowChar  ierg3810_tftlcd.o
    0x08000fc0   0x000000e0   Code   RO          246    i.IERG3810_TFTLCD_ShowChinChar  ierg3810_tftlcd.o
    0x080010a0   0x00000164   Code   RO          247    i.IERG3810_TFTLCD_ShowGame  ierg3810_tftlcd.o
    0x08001204   0x000001b8   Code   RO          248    i.IERG3810_TFTLCD_ShowGameover  ierg3810_tftlcd.o
    0x080013bc   0x0000003e   Code   RO          249    i.IERG3810_TFTLCD_ShowLegal_RC  ierg3810_tftlcd.o
    0x080013fa   0x00000002   PAD
    0x080013fc   0x00000070   Code   RO          250    i.IERG3810_TFTLCD_ShowNoLegalTxt  ierg3810_tftlcd.o
    0x0800146c   0x000000ac   Code   RO          251    i.IERG3810_TFTLCD_ShowPieces  ierg3810_tftlcd.o
    0x08001518   0x00000088   Code   RO          252    i.IERG3810_TFTLCD_ShowPieces_RC  ierg3810_tftlcd.o
    0x080015a0   0x00000ca0   Code   RO          253    i.IERG3810_TFTLCD_ShowRules  ierg3810_tftlcd.o
    0x08002240   0x000002c0   Code   RO          254    i.IERG3810_TFTLCD_ShowStart  ierg3810_tftlcd.o
    0x08002500   0x00000098   Code   RO          255    i.IERG3810_TFTLCD_ShowTurn  ierg3810_tftlcd.o
    0x08002598   0x000000b0   Code   RO          256    i.IERG3810_TFTLCD_UpdateScore  ierg3810_tftlcd.o
    0x08002648   0x0000000c   Code   RO          257    i.IERG3810_TFTLCD_WrData  ierg3810_tftlcd.o
    0x08002654   0x0000000c   Code   RO          258    i.IERG3810_TFTLCD_WrReg  ierg3810_tftlcd.o
    0x08002660   0x000000c4   Code   RO          449    i.IERG3810_USART2_init  ierg3810_usart.o
    0x08002724   0x000000ac   Code   RO          108    i.IERG3810_clock_tree_init  ierg3810_clock.o
    0x080027d0   0x00000004   Code   RO         3669    i.MemManage_Handler  stm32f10x_it.o
    0x080027d4   0x00000002   Code   RO         3670    i.NMI_Handler       stm32f10x_it.o
    0x080027d6   0x00000002   Code   RO         3671    i.PendSV_Handler    stm32f10x_it.o
    0x080027d8   0x00000002   Code   RO         3672    i.SVC_Handler       stm32f10x_it.o
    0x080027da   0x00000008   Code   RO         3556    i.SetSysClock       system_stm32f10x.o
    0x080027e2   0x00000002   PAD
    0x080027e4   0x000000e0   Code   RO         3557    i.SetSysClockTo72   system_stm32f10x.o
    0x080028c4   0x00000058   Code   RO         3673    i.SysTick_Handler   stm32f10x_it.o
    0x0800291c   0x00000060   Code   RO         3559    i.SystemInit        system_stm32f10x.o
    0x0800297c   0x0000002c   Code   RO          407    i.TIM3_IRQHandler   ierg3810_timer.o
    0x080029a8   0x0000002c   Code   RO          408    i.TIM4_IRQHandler   ierg3810_timer.o
    0x080029d4   0x00000058   Code   RO          450    i.USART_print       ierg3810_usart.o
    0x08002a2c   0x00000004   Code   RO         3674    i.UsageFault_Handler  stm32f10x_it.o
    0x08002a30   0x00000024   Code   RO          518    i.createQueue       global.o
    0x08002a54   0x00000030   Code   RO          519    i.dequeue           global.o
    0x08002a84   0x00000030   Code   RO          520    i.enqueue           global.o
    0x08002ab4   0x00000aa0   Code   RO         3616    i.main              main.o
    0x08003554   0x00000024   Code   RO          521    i.queue_free        global.o
    0x08003578   0x00000030   Code   RO          523    i.queue_getItem     global.o
    0x080035a8   0x0000000e   Code   RO          524    i.queue_isEmpty     global.o
    0x080035b6   0x00000012   Code   RO          525    i.queue_isFull      global.o
    0x080035c8   0x000000c4   Code   RO         3805    x$fpl$fadd          fz_ws.l(faddsub_clz.o)
    0x0800368c   0x00000184   Code   RO         3812    x$fpl$fdiv          fz_ws.l(fdiv.o)
    0x08003810   0x0000003e   Code   RO         3815    x$fpl$ffixu         fz_ws.l(ffixu.o)
    0x0800384e   0x00000002   PAD
    0x08003850   0x00000026   Code   RO         3819    x$fpl$ffltu         fz_ws.l(fflt_clz.o)
    0x08003876   0x00000002   PAD
    0x08003878   0x00000102   Code   RO         3825    x$fpl$fmul          fz_ws.l(fmul.o)
    0x0800397a   0x0000008c   Code   RO         3906    x$fpl$fnaninf       fz_ws.l(fnaninf.o)
    0x08003a06   0x0000000a   Code   RO         3908    x$fpl$fretinf       fz_ws.l(fretinf.o)
    0x08003a10   0x00000014   Code   RO         3806    x$fpl$frsb          fz_ws.l(faddsub_clz.o)
    0x08003a24   0x000000ea   Code   RO         3807    x$fpl$fsub          fz_ws.l(faddsub_clz.o)
    0x08003b0e   0x00000000   Code   RO         3910    x$fpl$usenofp       fz_ws.l(usenofp.o)
    0x08003b0e   0x000009a8   Data   RO          259    .constdata          ierg3810_tftlcd.o
    0x080044b6   0x00000002   PAD
    0x080044b8   0x00000020   Data   RO          478    .constdata          ierg3810_gamelogic.o
    0x080044d8   0x00000020   Data   RO         4032    Region$$Table       anon$$obj.o


    Execution Region RW_IRAM1 (Base: 0x20000000, Size: 0x00000788, Max: 0x00010000, ABSOLUTE)

    Base Addr    Size         Type   Attr      Idx    E Section Name        Object

    0x20000000   0x00000001   Data   RW            2    .data               ierg3810_buzzer.o
    0x20000001   0x00000003   PAD
    0x20000004   0x0000001f   Data   RW          135    .data               ierg3810_exti.o
    0x20000023   0x00000002   Data   RW          220    .data               ierg3810_led.o
    0x20000025   0x00000003   PAD
    0x20000028   0x0000002d   Data   RW         3618    .data               main.o
    0x20000055   0x00000003   PAD
    0x20000058   0x000000ca   Zero   RW         3617    .bss                main.o
    0x20000122   0x00000002   PAD
    0x20000124   0x00000060   Zero   RW         3914    .bss                c_w.l(libspace.o)
    0x20000184   0x00000004   PAD
    0x20000188   0x00000200   Zero   RW         3610    HEAP                startup_stm32f10x_hd.o
    0x20000388   0x00000400   Zero   RW         3609    STACK               startup_stm32f10x_hd.o


==============================================================================

Image component sizes


      Code (inc. data)   RO Data    RW Data    ZI Data      Debug   Object Name

         0          0          0          0          0         32   core_cm3.o
       248          0          0          0          0       3846   global.o
        64         14          0          1          0     208247   ierg3810_buzzer.o
       184         16          0          0          0       1011   ierg3810_clock.o
       420         76          0         31          0       3233   ierg3810_exti.o
       780         68         32          0          0       4329   ierg3810_gamelogic.o
       116         22          0          2          0        702   ierg3810_led.o
      6964       1018       2472          0          0      19461   ierg3810_tftlcd.o
       116         22          0          0          0       1308   ierg3810_timer.o
       284         24          0          0          0       1245   ierg3810_usart.o
      2720        436          0         45        202       5360   main.o
        64         26        304          0       1536        784   startup_stm32f10x_hd.o
       112         26          0          0          0       3714   stm32f10x_it.o
       328         28          0          0          0       1793   system_stm32f10x.o

    ----------------------------------------------------------------------
     12408       1776       2842         88       1740     255065   Object Totals
         0          0         32          0          0          0   (incl. Generated)
         8          0          2          9          2          0   (incl. Padding)

    ----------------------------------------------------------------------

      Code (inc. data)   RO Data    RW Data    ZI Data      Debug   Library Member Name

         8          0          0          0          0         68   __main.o
         0          0          0          0          0          0   __rtentry.o
        12          0          0          0          0          0   __rtentry2.o
         6          0          0          0          0          0   __rtentry4.o
        52          8          0          0          0          0   __scatter.o
        26          0          0          0          0          0   __scatter_copy.o
        28          0          0          0          0          0   __scatter_zi.o
        10          0          0          0          0         68   defsig_exit.o
        50          0          0          0          0         88   defsig_general.o
        80         58          0          0          0         76   defsig_rtmem_inner.o
        14          0          0          0          0         80   defsig_rtmem_outer.o
        12          0          0          0          0         72   exit.o
        94          0          0          0          0         80   h1_alloc.o
        52          0          0          0          0         68   h1_extend.o
        78          0          0          0          0         80   h1_free.o
        14          0          0          0          0         84   h1_init.o
         6          0          0          0          0        152   heapauxi.o
         4          0          0          0          0        136   hguard.o
         0          0          0          0          0          0   indicate_semi.o
       138          0          0          0          0        168   init_alloc.o
         2          0          0          0          0          0   libinit.o
        10          0          0          0          0          0   libinit2.o
         2          0          0          0          0          0   libshutdown.o
         2          0          0          0          0          0   libshutdown2.o
         8          4          0          0         96         68   libspace.o
         0          0          0          0          0          0   maybetermalloc1.o
         8          4          0          0          0         68   rt_heap_descriptor_intlibspace.o
        68          0          0          0          0         68   rt_memclr.o
        78          0          0          0          0         80   rt_memclr_w.o
         2          0          0          0          0          0   rtexit.o
        10          0          0          0          0          0   rtexit2.o
        72          0          0          0          0         80   strcpy.o
        12          4          0          0          0         68   sys_exit.o
        74          0          0          0          0         80   sys_stackheap_outer.o
        14          0          0          0          0         76   sys_wrch.o
         2          0          0          0          0         68   use_no_semi.o
       450          8          0          0          0        236   faddsub_clz.o
       388         76          0          0          0         96   fdiv.o
        62          4          0          0          0         84   ffixu.o
        38          0          0          0          0         68   fflt_clz.o
       258          4          0          0          0         84   fmul.o
       140          4          0          0          0         84   fnaninf.o
        10          0          0          0          0         68   fretinf.o
         0          0          0          0          0          0   usenofp.o

    ----------------------------------------------------------------------
      2406        174          0          0        100       2596   Library Totals
        12          0          0          0          4          0   (incl. Padding)

    ----------------------------------------------------------------------

      Code (inc. data)   RO Data    RW Data    ZI Data      Debug   Library Name

      1048         78          0          0         96       1876   c_w.l
      1346         96          0          0          0        720   fz_ws.l

    ----------------------------------------------------------------------
      2406        174          0          0        100       2596   Library Totals

    ----------------------------------------------------------------------

==============================================================================


      Code (inc. data)   RO Data    RW Data    ZI Data      Debug   

     14814       1950       2842         88       1840     253237   Grand Totals
     14814       1950       2842         88       1840     253237   ELF Image Totals
     14814       1950       2842         88          0          0   ROM Totals

==============================================================================

    Total RO  Size (Code + RO Data)                17656 (  17.24kB)
    Total RW  Size (RW Data + ZI Data)              1928 (   1.88kB)
    Total ROM Size (Code + RO Data + RW Data)      17744 (  17.33kB)

==============================================================================

